Archive member included because of file (symbol)

c:/program files (x86)/microchip/xc32/v1.10/bin/../lib/gcc/pic32mx/4.5.1/../../../../pic32mx/lib\libmchp_peripheral_32MX795F512H.a(pcache.o)
                              Objects\C32\main.o (CheKseg0CacheOn)
c:/program files (x86)/microchip/xc32/v1.10/bin/../lib/gcc/pic32mx/4.5.1/../../../../pic32mx/lib\libmchp_peripheral_32MX795F512H.a(int_disable_interrupts_lib.o)
                              Objects\C32\main.o (INTDisableInterrupts)
c:/program files (x86)/microchip/xc32/v1.10/bin/../lib/gcc/pic32mx/4.5.1/../../../../pic32mx/lib\libmchp_peripheral_32MX795F512H.a(int_restore_interrupts_lib.o)
                              Objects\C32\main.o (INTRestoreInterrupts)
c:/program files (x86)/microchip/xc32/v1.10/bin/../lib/gcc/pic32mx/4.5.1/../../../../pic32mx/lib\libmchp_peripheral_32MX795F512H.a(int_enable_mv_int_lib.o)
                              Objects\C32\main.o (INTEnableSystemMultiVectoredInt)
c:/program files (x86)/microchip/xc32/v1.10/bin/../lib/gcc/pic32mx/4.5.1/../../../../pic32mx/lib\libmchp_peripheral_32MX795F512H.a(int_enable_interrupts_lib.o)
                              c:/program files (x86)/microchip/xc32/v1.10/bin/../lib/gcc/pic32mx/4.5.1/../../../../pic32mx/lib\libmchp_peripheral_32MX795F512H.a(int_enable_mv_int_lib.o) (INTEnableInterrupts)
c:/program files (x86)/microchip/xc32/v1.10/bin/../lib/gcc/pic32mx/4.5.1/../../../../pic32mx/lib\libpic32.a(memset.o)
                              Objects\C32\LCDBlocking.o (memset)
c:/program files (x86)/microchip/xc32/v1.10/bin/../lib/gcc/pic32mx/4.5.1/../../../../pic32mx/lib\libpic32.a(default-bootstrap-exception-handler.o)
                              c:/program files (x86)/microchip/xc32/v1.10/bin/../lib/gcc/pic32mx/4.5.1/../../../../pic32mx/lib/crt0.o (_bootstrap_exception_handler)
c:/program files (x86)/microchip/xc32/v1.10/bin/../lib/gcc/pic32mx/4.5.1/../../../../pic32mx/lib\libpic32.a(default-on-reset.o)
                              c:/program files (x86)/microchip/xc32/v1.10/bin/../lib/gcc/pic32mx/4.5.1/../../../../pic32mx/lib/crt0.o (_on_reset)
c:/program files (x86)/microchip/xc32/v1.10/bin/../lib/gcc/pic32mx/4.5.1/../../../../pic32mx/lib\libpic32.a(default-on-bootstrap.o)
                              c:/program files (x86)/microchip/xc32/v1.10/bin/../lib/gcc/pic32mx/4.5.1/../../../../pic32mx/lib/crt0.o (_on_bootstrap)
c:/program files (x86)/microchip/xc32/v1.10/bin/../lib/gcc/pic32mx/4.5.1/../../../../pic32mx/lib\libpic32.a(default-nmi-handler.o)
                              c:/program files (x86)/microchip/xc32/v1.10/bin/../lib/gcc/pic32mx/4.5.1/../../../../pic32mx/lib/crt0.o (_nmi_handler)
c:/program files (x86)/microchip/xc32/v1.10/bin/../lib/gcc/pic32mx/4.5.1/../../../../pic32mx/lib\libpic32.a(general-exception.o)
                              c:/program files (x86)/microchip/xc32/v1.10/bin/../lib/gcc/pic32mx/4.5.1/../../../../pic32mx/lib/crt0.o (_general_exception_context)
c:/program files (x86)/microchip/xc32/v1.10/bin/../lib/gcc/pic32mx/4.5.1/../../../../pic32mx/lib\libpic32.a(default-general-exception-handler.o)
                              c:/program files (x86)/microchip/xc32/v1.10/bin/../lib/gcc/pic32mx/4.5.1/../../../../pic32mx/lib\libpic32.a(general-exception.o) (_general_exception_handler)
c:/program files (x86)/microchip/xc32/v1.10/bin/../lib/gcc/pic32mx/4.5.1/../../../../pic32mx/lib\libm.a(fp32.o)
                              Objects\C32\tjpgd.o (fpmul)
c:/program files (x86)/microchip/xc32/v1.10/bin/../lib/gcc/pic32mx/4.5.1/../../../../pic32mx/lib\libc.a(malloc.o)
                              Objects\C32\usb_host.o (malloc)
c:/program files (x86)/microchip/xc32/v1.10/bin/../lib/gcc/pic32mx/4.5.1/../../../../pic32mx/lib\libc.a(memcpy.o)
                              c:/program files (x86)/microchip/xc32/v1.10/bin/../lib/gcc/pic32mx/4.5.1/../../../../pic32mx/lib\libc.a(malloc.o) (memcpy)
c:/program files (x86)/microchip/xc32/v1.10/bin/../lib/gcc/pic32mx/4.5.1/../../../../pic32mx/lib\libpic32.a(sbrk.o)
                              c:/program files (x86)/microchip/xc32/v1.10/bin/../lib/gcc/pic32mx/4.5.1/../../../../pic32mx/lib\libc.a(malloc.o) (sbrk)
c:/program files (x86)/microchip/xc32/v1.10/bin/../lib/gcc/pic32mx/4.5.1/../../../../pic32mx/lib\libpic32.a(errno.o)
                              c:/program files (x86)/microchip/xc32/v1.10/bin/../lib/gcc/pic32mx/4.5.1/../../../../pic32mx/lib\libpic32.a(sbrk.o) (errno)

Allocating common symbols
Common symbol       size              file

isocData            0x18              Objects\C32\main.o
deviceAddress       0x1               Objects\C32\main.o
param               0x22              Objects\C32\main.o
usbOverrideHostState
                    0x2               Objects\C32\usb_host.o
DemoState           0x4               Objects\C32\main.o
jpeg                0xa000            Objects\C32\main.o
gc_DevData          0x10              Objects\C32\usb_host_generic.o
[...]
Memory Configuration

Name             Origin             Length             Attributes
kseg0_program_mem 0x9d000000         0x00080000         xr
kseg0_boot_mem   0x9fc00490         0x00000970
exception_mem    0x9fc01000         0x00001000
kseg1_boot_mem   0xbfc00000         0x00000490
debug_exec_mem   0xbfc02000         0x00000ff0
config3          0xbfc02ff0         0x00000004
config2          0xbfc02ff4         0x00000004
config1          0xbfc02ff8         0x00000004
config0          0xbfc02ffc         0x00000004
kseg1_data_mem   0xa0000000         0x00020000         w !x
sfrs             0xbf800000         0x00100000
configsfrs       0xbfc02ff0         0x00000010
*default*        0x00000000         0xffffffff

Linker script and memory map

LOAD c:/program files (x86)/microchip/xc32/v1.10/bin/../lib/gcc/pic32mx/4.5.1/../../../../pic32mx/lib/crt0.o
LOAD Objects\C32\main.o
LOAD Objects\C32\usb_config.o
LOAD Objects\C32\LCDBlocking.o
LOAD Objects\C32\uart2.o
LOAD Objects\C32\usb_host_generic.o
LOAD Objects\C32\usb_host.o
LOAD Objects\C32\Delay.o
LOAD Objects\C32\tjpgd.o
                0x00000001                __MPLAB_BUILD = 0x1
                0x00000001                __MPLAB_DEBUG = 0x1
                0x00001fa0                _min_heap_size = 0x1fa0
                0x00000400                PROVIDE (_min_stack_size, 0x400)
LOAD c:/program files (x86)/microchip/xc32/v1.10/bin/../lib/gcc/pic32mx/4.5.1/../../../../pic32mx/lib/./proc/32MX795F512H\processor.o
START GROUP
LOAD c:/program files (x86)/microchip/xc32/v1.10/bin/../lib/gcc/pic32mx/4.5.1/../../../../pic32mx/lib\libmchp_peripheral.a
END GROUP
START GROUP
LOAD c:/program files (x86)/microchip/xc32/v1.10/bin/../lib/gcc/pic32mx/4.5.1/../../../../pic32mx/lib\libmchp_peripheral_32MX795F512H.a
END GROUP
                0x00000001                PROVIDE (_vector_spacing, 0x1)
                0x9fc01000                _ebase_address = 0x9fc01000
                0xbfc00000                _RESET_ADDR = 0xbfc00000
                0xbfc00380                _BEV_EXCPT_ADDR = 0xbfc00380
                0xbfc00480                _DBG_EXCPT_ADDR = 0xbfc00480
                0xbfc02000                _DBG_CODE_ADDR = 0xbfc02000
                0x00000ff0                _DBG_CODE_SIZE = 0xff0
                0x9fc01180                _GEN_EXCPT_ADDR = (_ebase_address + 0x180)

.config_BFC02FF0
 *(.config_BFC02FF0)

.config_BFC02FF4
                0xbfc02ff4        0x4
 *(.config_BFC02FF4)
 .config_BFC02FF4
                0xbfc02ff4        0x4 Objects\C32\main.o

.config_BFC02FF8
                0xbfc02ff8        0x4
 *(.config_BFC02FF8)
 .config_BFC02FF8
                0xbfc02ff8        0x4 Objects\C32\main.o

.config_BFC02FFC
                0xbfc02ffc        0x4
 *(.config_BFC02FFC)
 .config_BFC02FFC
                0xbfc02ffc        0x4 Objects\C32\main.o
                0xbfc02000                PROVIDE (_DBG_CODE_ADDR, 0xbfc02000)
                0x00000ff0                PROVIDE (_DBG_CODE_SIZE, 0xff0)

.reset          0xbfc00000      0x1f4
 *(.reset)
 .reset         0xbfc00000       0x10 c:/program files (x86)/microchip/xc32/v1.10/bin/../lib/gcc/pic32mx/4.5.1/../../../../pic32mx/lib/crt0.o
                0xbfc00000                _reset
 *(.reset.startup)
 .reset.startup
                0xbfc00010      0x1e4 c:/program files (x86)/microchip/xc32/v1.10/bin/../lib/gcc/pic32mx/4.5.1/../../../../pic32mx/lib/crt0.o

.bev_excpt      0xbfc00380       0x10
 *(.bev_handler)
 .bev_handler   0xbfc00380       0x10 c:/program files (x86)/microchip/xc32/v1.10/bin/../lib/gcc/pic32mx/4.5.1/../../../../pic32mx/lib/crt0.o

.dbg_excpt      0xbfc00480        0x0
                0xbfc00480                . = (. + DEFINED (_DEBUGGER)?0x8:0x0)

.dbg_code       0xbfc02000        0x0
                0xbfc02000                . = (. + DEFINED (_DEBUGGER)?_DBG_CODE_SIZE:0x0)

.app_excpt      0x9fc01180       0x10
 *(.gen_handler)
 .gen_handler   0x9fc01180       0x10 c:/program files (x86)/microchip/xc32/v1.10/bin/../lib/gcc/pic32mx/4.5.1/../../../../pic32mx/lib/crt0.o

.vector_0       0x9fc01200        0x0
 *(.vector_0)
                0x00000001                ASSERT (((_vector_spacing == 0x0) || (SIZEOF (.vector_0) <= (_vector_spacing << 0x5))), function at exception vector 0 too large)

.vector_1       0x9fc01220        0x0
 *(.vector_1)
                0x00000001                ASSERT (((_vector_spacing == 0x0) || (SIZEOF (.vector_1) <= (_vector_spacing << 0x5))), function at exception vector 1 too large)

.vector_2       0x9fc01240        0x0
 *(.vector_2)
                0x00000001                ASSERT (((_vector_spacing == 0x0) || (SIZEOF (.vector_2) <= (_vector_spacing << 0x5))), function at exception vector 2 too large)

.vector_3       0x9fc01260        0x0
 *(.vector_3)
                0x00000001                ASSERT (((_vector_spacing == 0x0) || (SIZEOF (.vector_3) <= (_vector_spacing << 0x5))), function at exception vector 3 too large)

.vector_4       0x9fc01280        0x0
 *(.vector_4)
                0x00000001                ASSERT (((_vector_spacing == 0x0) || (SIZEOF (.vector_4) <= (_vector_spacing << 0x5))), function at exception vector 4 too large)

.vector_5       0x9fc012a0        0x0
 *(.vector_5)
                0x00000001                ASSERT (((_vector_spacing == 0x0) || (SIZEOF (.vector_5) <= (_vector_spacing << 0x5))), function at exception vector 5 too large)

.vector_6       0x9fc012c0        0x0
 *(.vector_6)
                0x00000001                ASSERT (((_vector_spacing == 0x0) || (SIZEOF (.vector_6) <= (_vector_spacing << 0x5))), function at exception vector 6 too large)

.vector_7       0x9fc012e0        0x0
 *(.vector_7)
                0x00000001                ASSERT (((_vector_spacing == 0x0) || (SIZEOF (.vector_7) <= (_vector_spacing << 0x5))), function at exception vector 7 too large)

.vector_8       0x9fc01300        0x0
 *(.vector_8)
                0x00000001                ASSERT (((_vector_spacing == 0x0) || (SIZEOF (.vector_8) <= (_vector_spacing << 0x5))), function at exception vector 8 too large)

.vector_9       0x9fc01320        0x0
 *(.vector_9)
                0x00000001                ASSERT (((_vector_spacing == 0x0) || (SIZEOF (.vector_9) <= (_vector_spacing << 0x5))), function at exception vector 9 too large)

.vector_10      0x9fc01340        0x0
 *(.vector_10)
                0x00000001                ASSERT (((_vector_spacing == 0x0) || (SIZEOF (.vector_10) <= (_vector_spacing << 0x5))), function at exception vector 10 too large)

.vector_11      0x9fc01360        0x0
 *(.vector_11)
                0x00000001                ASSERT (((_vector_spacing == 0x0) || (SIZEOF (.vector_11) <= (_vector_spacing << 0x5))), function at exception vector 11 too large)

.vector_12      0x9fc01380        0x0
 *(.vector_12)
                0x00000001                ASSERT (((_vector_spacing == 0x0) || (SIZEOF (.vector_12) <= (_vector_spacing << 0x5))), function at exception vector 12 too large)

.vector_13      0x9fc013a0        0x0
 *(.vector_13)
                0x00000001                ASSERT (((_vector_spacing == 0x0) || (SIZEOF (.vector_13) <= (_vector_spacing << 0x5))), function at exception vector 13 too large)

.vector_14      0x9fc013c0        0x0
 *(.vector_14)
                0x00000001                ASSERT (((_vector_spacing == 0x0) || (SIZEOF (.vector_14) <= (_vector_spacing << 0x5))), function at exception vector 14 too large)

.vector_15      0x9fc013e0        0x0
 *(.vector_15)
                0x00000001                ASSERT (((_vector_spacing == 0x0) || (SIZEOF (.vector_15) <= (_vector_spacing << 0x5))), function at exception vector 15 too large)

.vector_16      0x9fc01400        0x0
 *(.vector_16)
                0x00000001                ASSERT (((_vector_spacing == 0x0) || (SIZEOF (.vector_16) <= (_vector_spacing << 0x5))), function at exception vector 16 too large)

.vector_17      0x9fc01420        0x0
 *(.vector_17)
                0x00000001                ASSERT (((_vector_spacing == 0x0) || (SIZEOF (.vector_17) <= (_vector_spacing << 0x5))), function at exception vector 17 too large)

.vector_18      0x9fc01440        0x0
 *(.vector_18)
                0x00000001                ASSERT (((_vector_spacing == 0x0) || (SIZEOF (.vector_18) <= (_vector_spacing << 0x5))), function at exception vector 18 too large)

.vector_19      0x9fc01460        0x0
 *(.vector_19)
                0x00000001                ASSERT (((_vector_spacing == 0x0) || (SIZEOF (.vector_19) <= (_vector_spacing << 0x5))), function at exception vector 19 too large)

.vector_20      0x9fc01480        0x0
 *(.vector_20)
                0x00000001                ASSERT (((_vector_spacing == 0x0) || (SIZEOF (.vector_20) <= (_vector_spacing << 0x5))), function at exception vector 20 too large)

.vector_21      0x9fc014a0        0x0
 *(.vector_21)
                0x00000001                ASSERT (((_vector_spacing == 0x0) || (SIZEOF (.vector_21) <= (_vector_spacing << 0x5))), function at exception vector 21 too large)

.vector_22      0x9fc014c0        0x0
 *(.vector_22)
                0x00000001                ASSERT (((_vector_spacing == 0x0) || (SIZEOF (.vector_22) <= (_vector_spacing << 0x5))), function at exception vector 22 too large)

.vector_23      0x9fc014e0        0x0
 *(.vector_23)
                0x00000001                ASSERT (((_vector_spacing == 0x0) || (SIZEOF (.vector_23) <= (_vector_spacing << 0x5))), function at exception vector 23 too large)

.vector_24      0x9fc01500        0x0
 *(.vector_24)
                0x00000001                ASSERT (((_vector_spacing == 0x0) || (SIZEOF (.vector_24) <= (_vector_spacing << 0x5))), function at exception vector 24 too large)

.vector_25      0x9fc01520        0x0
 *(.vector_25)
                0x00000001                ASSERT (((_vector_spacing == 0x0) || (SIZEOF (.vector_25) <= (_vector_spacing << 0x5))), function at exception vector 25 too large)

.vector_26      0x9fc01540        0x0
 *(.vector_26)
                0x00000001                ASSERT (((_vector_spacing == 0x0) || (SIZEOF (.vector_26) <= (_vector_spacing << 0x5))), function at exception vector 26 too large)

.vector_27      0x9fc01560        0x0
 *(.vector_27)
                0x00000001                ASSERT (((_vector_spacing == 0x0) || (SIZEOF (.vector_27) <= (_vector_spacing << 0x5))), function at exception vector 27 too large)

.vector_28      0x9fc01580        0x0
 *(.vector_28)
                0x00000001                ASSERT (((_vector_spacing == 0x0) || (SIZEOF (.vector_28) <= (_vector_spacing << 0x5))), function at exception vector 28 too large)

.vector_29      0x9fc015a0        0x0
 *(.vector_29)
                0x00000001                ASSERT (((_vector_spacing == 0x0) || (SIZEOF (.vector_29) <= (_vector_spacing << 0x5))), function at exception vector 29 too large)

.vector_30      0x9fc015c0        0x0
 *(.vector_30)
                0x00000001                ASSERT (((_vector_spacing == 0x0) || (SIZEOF (.vector_30) <= (_vector_spacing << 0x5))), function at exception vector 30 too large)

.vector_31      0x9fc015e0        0x0
 *(.vector_31)
                0x00000001                ASSERT (((_vector_spacing == 0x0) || (SIZEOF (.vector_31) <= (_vector_spacing << 0x5))), function at exception vector 31 too large)

.vector_32      0x9fc01600        0x0
 *(.vector_32)
                0x00000001                ASSERT (((_vector_spacing == 0x0) || (SIZEOF (.vector_32) <= (_vector_spacing << 0x5))), function at exception vector 32 too large)

.vector_33      0x9fc01620        0x0
 *(.vector_33)
                0x00000001                ASSERT (((_vector_spacing == 0x0) || (SIZEOF (.vector_33) <= (_vector_spacing << 0x5))), function at exception vector 33 too large)

.vector_34      0x9fc01640        0x0
 *(.vector_34)
                0x00000001                ASSERT (((_vector_spacing == 0x0) || (SIZEOF (.vector_34) <= (_vector_spacing << 0x5))), function at exception vector 34 too large)

.vector_35      0x9fc01660        0x0
 *(.vector_35)
                0x00000001                ASSERT (((_vector_spacing == 0x0) || (SIZEOF (.vector_35) <= (_vector_spacing << 0x5))), function at exception vector 35 too large)

.vector_36      0x9fc01680        0x0
 *(.vector_36)
                0x00000001                ASSERT (((_vector_spacing == 0x0) || (SIZEOF (.vector_36) <= (_vector_spacing << 0x5))), function at exception vector 36 too large)

.vector_37      0x9fc016a0        0x0
 *(.vector_37)
                0x00000001                ASSERT (((_vector_spacing == 0x0) || (SIZEOF (.vector_37) <= (_vector_spacing << 0x5))), function at exception vector 37 too large)

.vector_38      0x9fc016c0        0x0
 *(.vector_38)
                0x00000001                ASSERT (((_vector_spacing == 0x0) || (SIZEOF (.vector_38) <= (_vector_spacing << 0x5))), function at exception vector 38 too large)

.vector_39      0x9fc016e0        0x0
 *(.vector_39)
                0x00000001                ASSERT (((_vector_spacing == 0x0) || (SIZEOF (.vector_39) <= (_vector_spacing << 0x5))), function at exception vector 39 too large)

.vector_40      0x9fc01700        0x0
 *(.vector_40)
                0x00000001                ASSERT (((_vector_spacing == 0x0) || (SIZEOF (.vector_40) <= (_vector_spacing << 0x5))), function at exception vector 40 too large)

.vector_41      0x9fc01720        0x0
 *(.vector_41)
                0x00000001                ASSERT (((_vector_spacing == 0x0) || (SIZEOF (.vector_41) <= (_vector_spacing << 0x5))), function at exception vector 41 too large)

.vector_42      0x9fc01740        0x0
 *(.vector_42)
                0x00000001                ASSERT (((_vector_spacing == 0x0) || (SIZEOF (.vector_42) <= (_vector_spacing << 0x5))), function at exception vector 42 too large)

.vector_43      0x9fc01760        0x0
 *(.vector_43)
                0x00000001                ASSERT (((_vector_spacing == 0x0) || (SIZEOF (.vector_43) <= (_vector_spacing << 0x5))), function at exception vector 43 too large)

.vector_44      0x9fc01780        0x0
 *(.vector_44)
                0x00000001                ASSERT (((_vector_spacing == 0x0) || (SIZEOF (.vector_44) <= (_vector_spacing << 0x5))), function at exception vector 44 too large)

.vector_45      0x9fc017a0        0x8
 *(.vector_45)
 .vector_45     0x9fc017a0        0x8 Objects\C32\usb_host.o
                0x00000001                ASSERT (((_vector_spacing == 0x0) || (SIZEOF (.vector_45) <= (_vector_spacing << 0x5))), function at exception vector 45 too large)

.vector_46      0x9fc017c0        0x0
 *(.vector_46)
                0x00000001                ASSERT (((_vector_spacing == 0x0) || (SIZEOF (.vector_46) <= (_vector_spacing << 0x5))), function at exception vector 46 too large)

.vector_47      0x9fc017e0        0x0
 *(.vector_47)
                0x00000001                ASSERT (((_vector_spacing == 0x0) || (SIZEOF (.vector_47) <= (_vector_spacing << 0x5))), function at exception vector 47 too large)

.vector_48      0x9fc01800        0x0
 *(.vector_48)
                0x00000001                ASSERT (((_vector_spacing == 0x0) || (SIZEOF (.vector_48) <= (_vector_spacing << 0x5))), function at exception vector 48 too large)

.vector_49      0x9fc01820        0x0
 *(.vector_49)
                0x00000001                ASSERT (((_vector_spacing == 0x0) || (SIZEOF (.vector_49) <= (_vector_spacing << 0x5))), function at exception vector 49 too large)

.vector_50      0x9fc01840        0x0
 *(.vector_50)
                0x00000001                ASSERT (((_vector_spacing == 0x0) || (SIZEOF (.vector_50) <= (_vector_spacing << 0x5))), function at exception vector 50 too large)

.vector_51      0x9fc01860        0x0
 *(.vector_51)
                0x00000001                ASSERT (((_vector_spacing == 0x0) || (SIZEOF (.vector_51) <= (_vector_spacing << 0x5))), function at exception vector 51 too large)

.vector_52      0x9fc01880        0x0
 *(.vector_52)
                0x00000001                ASSERT (((_vector_spacing == 0x0) || (SIZEOF (.vector_52) <= (_vector_spacing << 0x5))), function at exception vector 52 too large)

.vector_53      0x9fc018a0        0x0
 *(.vector_53)
                0x00000001                ASSERT (((_vector_spacing == 0x0) || (SIZEOF (.vector_53) <= (_vector_spacing << 0x5))), function at exception vector 53 too large)

.vector_54      0x9fc018c0        0x0
 *(.vector_54)
                0x00000001                ASSERT (((_vector_spacing == 0x0) || (SIZEOF (.vector_54) <= (_vector_spacing << 0x5))), function at exception vector 54 too large)

.vector_55      0x9fc018e0        0x0
 *(.vector_55)
                0x00000001                ASSERT (((_vector_spacing == 0x0) || (SIZEOF (.vector_55) <= (_vector_spacing << 0x5))), function at exception vector 55 too large)

.vector_56      0x9fc01900        0x0
 *(.vector_56)
                0x00000001                ASSERT (((_vector_spacing == 0x0) || (SIZEOF (.vector_56) <= (_vector_spacing << 0x5))), function at exception vector 56 too large)

.vector_57      0x9fc01920        0x0
 *(.vector_57)
                0x00000001                ASSERT (((_vector_spacing == 0x0) || (SIZEOF (.vector_57) <= (_vector_spacing << 0x5))), function at exception vector 57 too large)

.vector_58      0x9fc01940        0x0
 *(.vector_58)
                0x00000001                ASSERT (((_vector_spacing == 0x0) || (SIZEOF (.vector_58) <= (_vector_spacing << 0x5))), function at exception vector 58 too large)

.vector_59      0x9fc01960        0x0
 *(.vector_59)
                0x00000001                ASSERT (((_vector_spacing == 0x0) || (SIZEOF (.vector_59) <= (_vector_spacing << 0x5))), function at exception vector 59 too large)

.vector_60      0x9fc01980        0x0
 *(.vector_60)
                0x00000001                ASSERT (((_vector_spacing == 0x0) || (SIZEOF (.vector_60) <= (_vector_spacing << 0x5))), function at exception vector 60 too large)

.vector_61      0x9fc019a0        0x0
 *(.vector_61)
                0x00000001                ASSERT (((_vector_spacing == 0x0) || (SIZEOF (.vector_61) <= (_vector_spacing << 0x5))), function at exception vector 61 too large)

.vector_62      0x9fc019c0        0x0
 *(.vector_62)
                0x00000001                ASSERT (((_vector_spacing == 0x0) || (SIZEOF (.vector_62) <= (_vector_spacing << 0x5))), function at exception vector 62 too large)

.vector_63      0x9fc019e0        0x0
 *(.vector_63)
                0x00000001                ASSERT (((_vector_spacing == 0x0) || (SIZEOF (.vector_63) <= (_vector_spacing << 0x5))), function at exception vector 63 too large)

.startup
 *(.startup)

.text           0x9d000000        0x0
 *(.stub .gnu.linkonce.t.*)
 *(.text.*personality*)
 *(.mips16.fn.*)
 *(.mips16.call.*)
 *(.gnu.warning)
                0x9d000000                . = ALIGN (0x4)

.init           0x9d000000        0x0
 *crti.o(.init)
 *crtbegin.o(.init)
 *(EXCLUDE_FILE(*crtn.o *crtend?.o *crtend.o) .init)
 *crtend.o(.init)
 *crtn.o(.init)
                0x9d000000                . = ALIGN (0x4)

.fini           0x9d000000        0x0
 *(.fini)
                0x9d000000                . = ALIGN (0x4)

.preinit_array  0x9d000000        0x0
                0x9d000000                PROVIDE (__preinit_array_start, .)
 *(.preinit_array)
                0x9d000000                PROVIDE (__preinit_array_end, .)
                0x9d000000                . = ALIGN (0x4)

.init_array     0x9d000000        0x0
                0x9d000000                PROVIDE (__init_array_start, .)
 *(SORT(.init_array.*))
 *(.init_array)
                0x9d000000                PROVIDE (__init_array_end, .)
                0x9d000000                . = ALIGN (0x4)

.fini_array     0x9d000000        0x0
                0x9d000000                PROVIDE (__fini_array_start, .)
 *(SORT(.fini_array.*))
 *(.fini_array)
                0x9d000000                PROVIDE (__fini_array_end, .)
                0x9d000000                . = ALIGN (0x4)

.ctors          0x9d000000        0x0
 *crtbegin.o(.ctors)
 *crtbegin?.o(.ctors)
 *(EXCLUDE_FILE(*crtend?.o *crtend.o) .ctors)
 *(SORT(.ctors.*))
 *(.ctors)
                0x9d000000                . = ALIGN (0x4)

.dtors          0x9d000000        0x0
 *crtbegin.o(.dtors)
 *crtbegin?.o(.dtors)
 *(EXCLUDE_FILE(*crtend?.o *crtend.o) .dtors)
 *(SORT(.dtors.*))
 *(.dtors)
                0x9d000000                . = ALIGN (0x4)

.rodata         0x9d000000        0x0
 *(.gnu.linkonce.r.*)
 *(.rodata1)
                0x9d000000                . = ALIGN (0x4)

.sdata2         0x9fc00490        0x0
 *(.sdata2 .sdata2.* .gnu.linkonce.s2.*)
                0x9fc00490                . = ALIGN (0x4)

.sbss2          0x9fc00490        0x0
 *(.sbss2 .sbss2.* .gnu.linkonce.sb2.*)
                0x9fc00490                . = ALIGN (0x4)

.eh_frame_hdr
 *(.eh_frame_hdr)
                0x9fc00490                . = ALIGN (0x4)

.eh_frame
 *(.eh_frame)
                0x9fc00490                . = ALIGN (0x4)

.gcc_except_table
 *(.gcc_except_table .gcc_except_table.*)
                0x9fc00490                . = ALIGN (0x4)

.dbg_data       0xa0000000        0x0
                0xa0000000                . = (. + DEFINED (_DEBUGGER)?0x200:0x0)

.jcr            0xa0000000        0x0
 *(.jcr)
                0xa0000000                . = ALIGN (0x4)

.eh_frame
 *(.eh_frame)
                0xa0000000                . = ALIGN (0x4)

.gcc_except_table
 *(.gcc_except_table .gcc_except_table.*)
                0xa0000000                . = ALIGN (0x4)

.persist        0xa0000000        0x0
                0xa0000000                _persist_begin = .
 *(.persist .persist.*)
 *(.pbss .pbss.*)
                0xa0000000                . = ALIGN (0x4)
                0xa0000000                _persist_end = .

.data           0xa0000000        0x0
 *(.gnu.linkonce.d.*)
 *(.data1)
                0xa0000000                . = ALIGN (0x4)
                0xa0000000                . = .
                0xa0007ff0                _gp = (ALIGN (0x10) + 0x7ff0)

.got            0xa0000000        0x0
 *(.got.plt)
 *(.got)
                0xa0000000                . = ALIGN (0x4)

.sdata          0xa0000000        0xc
                0xa0000000                _sdata_begin = .
 *(.sdata .sdata.* .gnu.linkonce.s.*)
 .sdata         0xa0000000        0x4 Objects\C32\main.o
                0xa0000000                param_len
 .sdata         0xa0000004        0x8 Objects\C32\usb_config.o
                0xa0000004                usbTPL
                0xa000000c                . = ALIGN (0x4)
                0xa000000c                _sdata_end = .

.lit8
 *(.lit8)

.lit4
 *(.lit4)
                0xa000000c                . = ALIGN (0x4)
                0xa000000c                _data_end = .
                0xa000000c                _bss_begin = .

.sbss           0xa000000c       0x78
                0xa000000c                _sbss_begin = .
 *(.dynsbss)
 *(.sbss .sbss.* .gnu.linkonce.sb.*)
 .sbss          0xa000000c       0x20 Objects\C32\main.o
 .sbss          0xa000002c       0x28 Objects\C32\usb_host.o
                0xa0000038                pCurrentConfigurationDescriptor
                0xa000003c                pDeviceDescriptor
 .sbss          0xa0000054       0x10 c:/program files (x86)/microchip/xc32/v1.10/bin/../lib/gcc/pic32mx/4.5.1/../../../../pic32mx/lib\libc.a(malloc.o)
                0xa0000054                __allocp
                0xa0000058                __alloct
                0xa000005c                __allocx
 .sbss          0xa0000064        0x8 c:/program files (x86)/microchip/xc32/v1.10/bin/../lib/gcc/pic32mx/4.5.1/../../../../pic32mx/lib\libpic32.a(sbrk.o)
                0xa0000064                _minbrk
                0xa0000068                _maxbrk
 .sbss          0xa000006c        0x4 c:/program files (x86)/microchip/xc32/v1.10/bin/../lib/gcc/pic32mx/4.5.1/../../../../pic32mx/lib\libpic32.a(errno.o)
                0xa000006c                errno
 *(.scommon)
 .scommon       0xa0000070       0x10 Objects\C32\main.o
                0xa0000070                deviceAddress
                0xa0000074                DemoState
                0xa0000078                DataPacket
 .scommon       0xa0000080        0x2 Objects\C32\usb_host.o
                0xa0000080                usbOverrideHostState
                0xa0000082                _sbss_end = .
                0xa0000084                . = ALIGN (0x4)
 *fill*         0xa0000082        0x2 00

.bss            0xa0000084     0xa094
 *(.dynbss)
 *(COMMON)
 COMMON         0xa0000084     0xa05e Objects\C32\main.o
                0xa0000084                isocData
                0xa000009c                param
                0xa00000c0                jpeg
                0xa000a0c0                temp
 *fill*         0xa000a0e2        0x2 00
 COMMON         0xa000a0e4       0x21 Objects\C32\LCDBlocking.o
                0xa000a0e4                LCDText
 *fill*         0xa000a105        0x3 00
 COMMON         0xa000a108       0x10 Objects\C32\usb_host_generic.o
                0xa000a108                gc_DevData
                0xa000a118                . = ALIGN ((. != 0x0)?0x4:0x1)
                0xa000a118                . = ALIGN (0x4)
                0xa000a118                _end = .
                0xa000a118                _bss_end = .
                0x00020000                _bmxdudba_address = 0x20000
                0x00020000                _bmxdupba_address = 0x20000

/DISCARD/
 *(.pdr)
 *(.rel.dyn)
 *(.note.GNU-stack)
 *(.note.GNU-stack)
 *(.gnu_debuglink)
 *(.gnu.lto_*)
 *(.discard)

.gptab.sdata
 *(.gptab.data)
 *(.gptab.sdata)

.gptab.sbss
 *(.gptab.bss)
 *(.gptab.sbss)

.mdebug.abi32   0xa000a118        0x0
 *(.mdebug.abi32)
 .mdebug.abi32  0xa000a118        0x0 Objects\C32\main.o
 .mdebug.abi32  0xa000a118        0x0 Objects\C32\usb_config.o
 .mdebug.abi32  0xa000a118        0x0 Objects\C32\LCDBlocking.o
 .mdebug.abi32  0xa000a118        0x0 Objects\C32\uart2.o
 .mdebug.abi32  0xa000a118        0x0 Objects\C32\usb_host_generic.o
 .mdebug.abi32  0xa000a118        0x0 Objects\C32\usb_host.o
 .mdebug.abi32  0xa000a118        0x0 Objects\C32\Delay.o
 .mdebug.abi32  0xa000a118        0x0 Objects\C32\tjpgd.o
 .mdebug.abi32  0xa000a118        0x0 c:/program files (x86)/microchip/xc32/v1.10/bin/../lib/gcc/pic32mx/4.5.1/../../../../pic32mx/lib\libmchp_peripheral_32MX795F512H.a(pcache.o)
 .mdebug.abi32  0xa000a118        0x0 c:/program files (x86)/microchip/xc32/v1.10/bin/../lib/gcc/pic32mx/4.5.1/../../../../pic32mx/lib\libmchp_peripheral_32MX795F512H.a(int_disable_interrupts_lib.o)
 .mdebug.abi32  0xa000a118        0x0 c:/program files (x86)/microchip/xc32/v1.10/bin/../lib/gcc/pic32mx/4.5.1/../../../../pic32mx/lib\libmchp_peripheral_32MX795F512H.a(int_restore_interrupts_lib.o)
 .mdebug.abi32  0xa000a118        0x0 c:/program files (x86)/microchip/xc32/v1.10/bin/../lib/gcc/pic32mx/4.5.1/../../../../pic32mx/lib\libmchp_peripheral_32MX795F512H.a(int_enable_mv_int_lib.o)
 .mdebug.abi32  0xa000a118        0x0 c:/program files (x86)/microchip/xc32/v1.10/bin/../lib/gcc/pic32mx/4.5.1/../../../../pic32mx/lib\libmchp_peripheral_32MX795F512H.a(int_enable_interrupts_lib.o)
 .mdebug.abi32  0xa000a118        0x0 c:/program files (x86)/microchip/xc32/v1.10/bin/../lib/gcc/pic32mx/4.5.1/../../../../pic32mx/lib\libpic32.a(default-bootstrap-exception-handler.o)
 .mdebug.abi32  0xa000a118        0x0 c:/program files (x86)/microchip/xc32/v1.10/bin/../lib/gcc/pic32mx/4.5.1/../../../../pic32mx/lib\libpic32.a(default-on-reset.o)
 .mdebug.abi32  0xa000a118        0x0 c:/program files (x86)/microchip/xc32/v1.10/bin/../lib/gcc/pic32mx/4.5.1/../../../../pic32mx/lib\libpic32.a(default-on-bootstrap.o)
 .mdebug.abi32  0xa000a118        0x0 c:/program files (x86)/microchip/xc32/v1.10/bin/../lib/gcc/pic32mx/4.5.1/../../../../pic32mx/lib\libpic32.a(default-general-exception-handler.o)
 .mdebug.abi32  0xa000a118        0x0 c:/program files (x86)/microchip/xc32/v1.10/bin/../lib/gcc/pic32mx/4.5.1/../../../../pic32mx/lib\libc.a(malloc.o)
 .mdebug.abi32  0xa000a118        0x0 c:/program files (x86)/microchip/xc32/v1.10/bin/../lib/gcc/pic32mx/4.5.1/../../../../pic32mx/lib\libc.a(memcpy.o)
 .mdebug.abi32  0xa000a118        0x0 c:/program files (x86)/microchip/xc32/v1.10/bin/../lib/gcc/pic32mx/4.5.1/../../../../pic32mx/lib\libpic32.a(sbrk.o)
 .mdebug.abi32  0xa000a118        0x0 c:/program files (x86)/microchip/xc32/v1.10/bin/../lib/gcc/pic32mx/4.5.1/../../../../pic32mx/lib\libpic32.a(errno.o)

.mdebug.abiN32
 *(.mdebug.abiN32)

.mdebug.abi64
 *(.mdebug.abi64)

.mdebug.abiO64
 *(.mdebug.abiO64)

.mdebug.eabi32
 *(.mdebug.eabi32)

.mdebug.eabi64
 *(.mdebug.eabi64)

.gcc_compiled_long32
 *(.gcc_compiled_long32)

.gcc_compiled_long64
 *(.gcc_compiled_long64)

.stab
 *(.stab)

.stabstr
 *(.stabstr)

.stab.excl
 *(.stab.excl)

.stab.exclstr
 *(.stab.exclstr)

.stab.index
 *(.stab.index)

.stab.indexstr
 *(.stab.indexstr)

.comment        0x00000000       0xf0
 *(.comment)
 .comment       0x00000000       0x3c Objects\C32\main.o
                                 0x3d (size before relaxing)
 .comment       0x00000000       0x3d Objects\C32\usb_config.o
 .comment       0x00000000       0x3d Objects\C32\LCDBlocking.o
 .comment       0x00000000       0x3d Objects\C32\uart2.o
 .comment       0x00000000       0x3d Objects\C32\usb_host_generic.o
 .comment       0x00000000       0x3d Objects\C32\usb_host.o
 .comment       0x00000000       0x3d Objects\C32\Delay.o
 .comment       0x00000000       0x3d Objects\C32\tjpgd.o
 .comment       0x0000003c       0x51 c:/program files (x86)/microchip/xc32/v1.10/bin/../lib/gcc/pic32mx/4.5.1/../../../../pic32mx/lib\libmchp_peripheral_32MX795F512H.a(pcache.o)
                                 0x52 (size before relaxing)
 .comment       0x00000000       0x52 c:/program files (x86)/microchip/xc32/v1.10/bin/../lib/gcc/pic32mx/4.5.1/../../../../pic32mx/lib\libmchp_peripheral_32MX795F512H.a(int_disable_interrupts_lib.o)
 .comment       0x00000000       0x52 c:/program files (x86)/microchip/xc32/v1.10/bin/../lib/gcc/pic32mx/4.5.1/../../../../pic32mx/lib\libmchp_peripheral_32MX795F512H.a(int_restore_interrupts_lib.o)
 .comment       0x00000000       0x52 c:/program files (x86)/microchip/xc32/v1.10/bin/../lib/gcc/pic32mx/4.5.1/../../../../pic32mx/lib\libmchp_peripheral_32MX795F512H.a(int_enable_mv_int_lib.o)
 .comment       0x00000000       0x52 c:/program files (x86)/microchip/xc32/v1.10/bin/../lib/gcc/pic32mx/4.5.1/../../../../pic32mx/lib\libmchp_peripheral_32MX795F512H.a(int_enable_interrupts_lib.o)
 .comment       0x0000008d       0x18 c:/program files (x86)/microchip/xc32/v1.10/bin/../lib/gcc/pic32mx/4.5.1/../../../../pic32mx/lib\libpic32.a(memset.o)
                                 0x19 (size before relaxing)
 .comment       0x00000000       0x3d c:/program files (x86)/microchip/xc32/v1.10/bin/../lib/gcc/pic32mx/4.5.1/../../../../pic32mx/lib\libpic32.a(default-bootstrap-exception-handler.o)
 .comment       0x00000000       0x3d c:/program files (x86)/microchip/xc32/v1.10/bin/../lib/gcc/pic32mx/4.5.1/../../../../pic32mx/lib\libpic32.a(default-on-reset.o)
 .comment       0x00000000       0x3d c:/program files (x86)/microchip/xc32/v1.10/bin/../lib/gcc/pic32mx/4.5.1/../../../../pic32mx/lib\libpic32.a(default-on-bootstrap.o)
 .comment       0x00000000       0x3d c:/program files (x86)/microchip/xc32/v1.10/bin/../lib/gcc/pic32mx/4.5.1/../../../../pic32mx/lib\libpic32.a(default-general-exception-handler.o)
 .comment       0x00000000       0x3d c:/program files (x86)/microchip/xc32/v1.10/bin/../lib/gcc/pic32mx/4.5.1/../../../../pic32mx/lib\libc.a(malloc.o)
 .comment       0x00000000       0x3d c:/program files (x86)/microchip/xc32/v1.10/bin/../lib/gcc/pic32mx/4.5.1/../../../../pic32mx/lib\libc.a(memcpy.o)
 .comment       0x000000a5       0x4b c:/program files (x86)/microchip/xc32/v1.10/bin/../lib/gcc/pic32mx/4.5.1/../../../../pic32mx/lib\libpic32.a(sbrk.o)
                                 0x88 (size before relaxing)
 .comment       0x00000000       0x3d c:/program files (x86)/microchip/xc32/v1.10/bin/../lib/gcc/pic32mx/4.5.1/../../../../pic32mx/lib\libpic32.a(errno.o)

.debug
 *(.debug)

.line
 *(.line)

.debug_srcinfo
 *(.debug_srcinfo)

.debug_sfnames
 *(.debug_sfnames)

.debug_aranges  0x00000000      0x298
 *(.debug_aranges)
 .debug_aranges
                0x00000000       0x20 Objects\C32\main.o
 .debug_aranges
                0x00000020       0x20 Objects\C32\LCDBlocking.o
 .debug_aranges
                0x00000040       0x20 Objects\C32\uart2.o
 .debug_aranges
                0x00000060       0x20 Objects\C32\usb_host_generic.o
 .debug_aranges
                0x00000080       0x20 Objects\C32\usb_host.o
 .debug_aranges
                0x000000a0       0x20 Objects\C32\Delay.o
 .debug_aranges
                0x000000c0       0x20 Objects\C32\tjpgd.o
 .debug_aranges
                0x000000e0       0x28 c:/program files (x86)/microchip/xc32/v1.10/bin/../lib/gcc/pic32mx/4.5.1/../../../../pic32mx/lib\libmchp_peripheral_32MX795F512H.a(pcache.o)
 .debug_aranges
                0x00000108       0x20 c:/program files (x86)/microchip/xc32/v1.10/bin/../lib/gcc/pic32mx/4.5.1/../../../../pic32mx/lib\libmchp_peripheral_32MX795F512H.a(int_disable_interrupts_lib.o)
 .debug_aranges
                0x00000128       0x20 c:/program files (x86)/microchip/xc32/v1.10/bin/../lib/gcc/pic32mx/4.5.1/../../../../pic32mx/lib\libmchp_peripheral_32MX795F512H.a(int_restore_interrupts_lib.o)
 .debug_aranges
                0x00000148       0x20 c:/program files (x86)/microchip/xc32/v1.10/bin/../lib/gcc/pic32mx/4.5.1/../../../../pic32mx/lib\libmchp_peripheral_32MX795F512H.a(int_enable_mv_int_lib.o)
 .debug_aranges
                0x00000168       0x20 c:/program files (x86)/microchip/xc32/v1.10/bin/../lib/gcc/pic32mx/4.5.1/../../../../pic32mx/lib\libmchp_peripheral_32MX795F512H.a(int_enable_interrupts_lib.o)
 .debug_aranges
                0x00000188       0x20 c:/program files (x86)/microchip/xc32/v1.10/bin/../lib/gcc/pic32mx/4.5.1/../../../../pic32mx/lib\libpic32.a(default-bootstrap-exception-handler.o)
 .debug_aranges
                0x000001a8       0x20 c:/program files (x86)/microchip/xc32/v1.10/bin/../lib/gcc/pic32mx/4.5.1/../../../../pic32mx/lib\libpic32.a(default-on-reset.o)
 .debug_aranges
                0x000001c8       0x20 c:/program files (x86)/microchip/xc32/v1.10/bin/../lib/gcc/pic32mx/4.5.1/../../../../pic32mx/lib\libpic32.a(default-on-bootstrap.o)
 .debug_aranges
                0x000001e8       0x20 c:/program files (x86)/microchip/xc32/v1.10/bin/../lib/gcc/pic32mx/4.5.1/../../../../pic32mx/lib\libpic32.a(default-general-exception-handler.o)
 .debug_aranges
                0x00000208       0x30 c:/program files (x86)/microchip/xc32/v1.10/bin/../lib/gcc/pic32mx/4.5.1/../../../../pic32mx/lib\libc.a(malloc.o)
 .debug_aranges
                0x00000238       0x20 c:/program files (x86)/microchip/xc32/v1.10/bin/../lib/gcc/pic32mx/4.5.1/../../../../pic32mx/lib\libc.a(memcpy.o)
 .debug_aranges
                0x00000258       0x40 c:/program files (x86)/microchip/xc32/v1.10/bin/../lib/gcc/pic32mx/4.5.1/../../../../pic32mx/lib\libpic32.a(sbrk.o)

.debug_pubnames
                0x00000000      0xa4c
 *(.debug_pubnames)
 .debug_pubnames
                0x00000000       0xfc Objects\C32\main.o
 .debug_pubnames
                0x000000fc       0x33 Objects\C32\usb_config.o
 .debug_pubnames
                0x0000012f       0x56 Objects\C32\LCDBlocking.o
 .debug_pubnames
                0x00000185      0x112 Objects\C32\uart2.o
 .debug_pubnames
                0x00000297       0xa9 Objects\C32\usb_host_generic.o
 .debug_pubnames
                0x00000340      0x46d Objects\C32\usb_host.o
 .debug_pubnames
                0x000007ad       0x2c Objects\C32\Delay.o
 .debug_pubnames
                0x000007d9       0x2f Objects\C32\tjpgd.o
 .debug_pubnames
                0x00000808       0x3b c:/program files (x86)/microchip/xc32/v1.10/bin/../lib/gcc/pic32mx/4.5.1/../../../../pic32mx/lib\libmchp_peripheral_32MX795F512H.a(pcache.o)
 .debug_pubnames
                0x00000843       0x2b c:/program files (x86)/microchip/xc32/v1.10/bin/../lib/gcc/pic32mx/4.5.1/../../../../pic32mx/lib\libmchp_peripheral_32MX795F512H.a(int_disable_interrupts_lib.o)
 .debug_pubnames
                0x0000086e       0x2b c:/program files (x86)/microchip/xc32/v1.10/bin/../lib/gcc/pic32mx/4.5.1/../../../../pic32mx/lib\libmchp_peripheral_32MX795F512H.a(int_restore_interrupts_lib.o)
 .debug_pubnames
                0x00000899       0x36 c:/program files (x86)/microchip/xc32/v1.10/bin/../lib/gcc/pic32mx/4.5.1/../../../../pic32mx/lib\libmchp_peripheral_32MX795F512H.a(int_enable_mv_int_lib.o)
 .debug_pubnames
                0x000008cf       0x2a c:/program files (x86)/microchip/xc32/v1.10/bin/../lib/gcc/pic32mx/4.5.1/../../../../pic32mx/lib\libmchp_peripheral_32MX795F512H.a(int_enable_interrupts_lib.o)
 .debug_pubnames
                0x000008f9       0x33 c:/program files (x86)/microchip/xc32/v1.10/bin/../lib/gcc/pic32mx/4.5.1/../../../../pic32mx/lib\libpic32.a(default-bootstrap-exception-handler.o)
 .debug_pubnames
                0x0000092c       0x20 c:/program files (x86)/microchip/xc32/v1.10/bin/../lib/gcc/pic32mx/4.5.1/../../../../pic32mx/lib\libpic32.a(default-on-reset.o)
 .debug_pubnames
                0x0000094c       0x24 c:/program files (x86)/microchip/xc32/v1.10/bin/../lib/gcc/pic32mx/4.5.1/../../../../pic32mx/lib\libpic32.a(default-on-bootstrap.o)
 .debug_pubnames
                0x00000970       0x31 c:/program files (x86)/microchip/xc32/v1.10/bin/../lib/gcc/pic32mx/4.5.1/../../../../pic32mx/lib\libpic32.a(default-general-exception-handler.o)
 .debug_pubnames
                0x000009a1       0x32 c:/program files (x86)/microchip/xc32/v1.10/bin/../lib/gcc/pic32mx/4.5.1/../../../../pic32mx/lib\libc.a(malloc.o)
 .debug_pubnames
                0x000009d3       0x1d c:/program files (x86)/microchip/xc32/v1.10/bin/../lib/gcc/pic32mx/4.5.1/../../../../pic32mx/lib\libc.a(memcpy.o)
 .debug_pubnames
                0x000009f0       0x5c c:/program files (x86)/microchip/xc32/v1.10/bin/../lib/gcc/pic32mx/4.5.1/../../../../pic32mx/lib\libpic32.a(sbrk.o)

.debug_info     0x00000000    0x10874
 *(.debug_info .gnu.linkonce.wi.*)
 .debug_info    0x00000000     0x2390 Objects\C32\main.o
 .debug_info    0x00002390     0x17c1 Objects\C32\usb_config.o
 .debug_info    0x00003b51     0x1bb0 Objects\C32\LCDBlocking.o
 .debug_info    0x00005701     0x1f96 Objects\C32\uart2.o
 .debug_info    0x00007697     0x19ed Objects\C32\usb_host_generic.o
 .debug_info    0x00009084     0x4d32 Objects\C32\usb_host.o
 .debug_info    0x0000ddb6     0x1205 Objects\C32\Delay.o
 .debug_info    0x0000efbb      0xee4 Objects\C32\tjpgd.o
 .debug_info    0x0000fe9f       0xd4 c:/program files (x86)/microchip/xc32/v1.10/bin/../lib/gcc/pic32mx/4.5.1/../../../../pic32mx/lib\libmchp_peripheral_32MX795F512H.a(pcache.o)
 .debug_info    0x0000ff73       0xcb c:/program files (x86)/microchip/xc32/v1.10/bin/../lib/gcc/pic32mx/4.5.1/../../../../pic32mx/lib\libmchp_peripheral_32MX795F512H.a(int_disable_interrupts_lib.o)
 .debug_info    0x0001003e       0xcb c:/program files (x86)/microchip/xc32/v1.10/bin/../lib/gcc/pic32mx/4.5.1/../../../../pic32mx/lib\libmchp_peripheral_32MX795F512H.a(int_restore_interrupts_lib.o)
 .debug_info    0x00010109       0xd1 c:/program files (x86)/microchip/xc32/v1.10/bin/../lib/gcc/pic32mx/4.5.1/../../../../pic32mx/lib\libmchp_peripheral_32MX795F512H.a(int_enable_mv_int_lib.o)
 .debug_info    0x000101da       0xc9 c:/program files (x86)/microchip/xc32/v1.10/bin/../lib/gcc/pic32mx/4.5.1/../../../../pic32mx/lib\libmchp_peripheral_32MX795F512H.a(int_enable_interrupts_lib.o)
 .debug_info    0x000102a3       0xdf c:/program files (x86)/microchip/xc32/v1.10/bin/../lib/gcc/pic32mx/4.5.1/../../../../pic32mx/lib\libpic32.a(default-bootstrap-exception-handler.o)
 .debug_info    0x00010382       0xb9 c:/program files (x86)/microchip/xc32/v1.10/bin/../lib/gcc/pic32mx/4.5.1/../../../../pic32mx/lib\libpic32.a(default-on-reset.o)
 .debug_info    0x0001043b       0xc1 c:/program files (x86)/microchip/xc32/v1.10/bin/../lib/gcc/pic32mx/4.5.1/../../../../pic32mx/lib\libpic32.a(default-on-bootstrap.o)
 .debug_info    0x000104fc       0xdb c:/program files (x86)/microchip/xc32/v1.10/bin/../lib/gcc/pic32mx/4.5.1/../../../../pic32mx/lib\libpic32.a(default-general-exception-handler.o)
 .debug_info    0x000105d7       0xdd c:/program files (x86)/microchip/xc32/v1.10/bin/../lib/gcc/pic32mx/4.5.1/../../../../pic32mx/lib\libc.a(malloc.o)
 .debug_info    0x000106b4       0xae c:/program files (x86)/microchip/xc32/v1.10/bin/../lib/gcc/pic32mx/4.5.1/../../../../pic32mx/lib\libc.a(memcpy.o)
 .debug_info    0x00010762      0x112 c:/program files (x86)/microchip/xc32/v1.10/bin/../lib/gcc/pic32mx/4.5.1/../../../../pic32mx/lib\libpic32.a(sbrk.o)
 .debug_info    0x00010874        0x0 c:/program files (x86)/microchip/xc32/v1.10/bin/../lib/gcc/pic32mx/4.5.1/../../../../pic32mx/lib\libpic32.a(errno.o)

.debug_abbrev   0x00000000     0x14dd
 *(.debug_abbrev)
 .debug_abbrev  0x00000000      0x3b2 Objects\C32\main.o
 .debug_abbrev  0x000003b2      0x205 Objects\C32\usb_config.o
 .debug_abbrev  0x000005b7      0x214 Objects\C32\LCDBlocking.o
 .debug_abbrev  0x000007cb      0x275 Objects\C32\uart2.o
 .debug_abbrev  0x00000a40      0x272 Objects\C32\usb_host_generic.o
 .debug_abbrev  0x00000cb2      0x329 Objects\C32\usb_host.o
 .debug_abbrev  0x00000fdb      0x19b Objects\C32\Delay.o
 .debug_abbrev  0x00001176      0x17b Objects\C32\tjpgd.o
 .debug_abbrev  0x000012f1       0x25 c:/program files (x86)/microchip/xc32/v1.10/bin/../lib/gcc/pic32mx/4.5.1/../../../../pic32mx/lib\libmchp_peripheral_32MX795F512H.a(pcache.o)
 .debug_abbrev  0x00001316       0x25 c:/program files (x86)/microchip/xc32/v1.10/bin/../lib/gcc/pic32mx/4.5.1/../../../../pic32mx/lib\libmchp_peripheral_32MX795F512H.a(int_disable_interrupts_lib.o)
 .debug_abbrev  0x0000133b       0x25 c:/program files (x86)/microchip/xc32/v1.10/bin/../lib/gcc/pic32mx/4.5.1/../../../../pic32mx/lib\libmchp_peripheral_32MX795F512H.a(int_restore_interrupts_lib.o)
 .debug_abbrev  0x00001360       0x25 c:/program files (x86)/microchip/xc32/v1.10/bin/../lib/gcc/pic32mx/4.5.1/../../../../pic32mx/lib\libmchp_peripheral_32MX795F512H.a(int_enable_mv_int_lib.o)
 .debug_abbrev  0x00001385       0x25 c:/program files (x86)/microchip/xc32/v1.10/bin/../lib/gcc/pic32mx/4.5.1/../../../../pic32mx/lib\libmchp_peripheral_32MX795F512H.a(int_enable_interrupts_lib.o)
 .debug_abbrev  0x000013aa       0x25 c:/program files (x86)/microchip/xc32/v1.10/bin/../lib/gcc/pic32mx/4.5.1/../../../../pic32mx/lib\libpic32.a(default-bootstrap-exception-handler.o)
 .debug_abbrev  0x000013cf       0x25 c:/program files (x86)/microchip/xc32/v1.10/bin/../lib/gcc/pic32mx/4.5.1/../../../../pic32mx/lib\libpic32.a(default-on-reset.o)
 .debug_abbrev  0x000013f4       0x25 c:/program files (x86)/microchip/xc32/v1.10/bin/../lib/gcc/pic32mx/4.5.1/../../../../pic32mx/lib\libpic32.a(default-on-bootstrap.o)
 .debug_abbrev  0x00001419       0x25 c:/program files (x86)/microchip/xc32/v1.10/bin/../lib/gcc/pic32mx/4.5.1/../../../../pic32mx/lib\libpic32.a(default-general-exception-handler.o)
 .debug_abbrev  0x0000143e       0x41 c:/program files (x86)/microchip/xc32/v1.10/bin/../lib/gcc/pic32mx/4.5.1/../../../../pic32mx/lib\libc.a(malloc.o)
 .debug_abbrev  0x0000147f       0x25 c:/program files (x86)/microchip/xc32/v1.10/bin/../lib/gcc/pic32mx/4.5.1/../../../../pic32mx/lib\libc.a(memcpy.o)
 .debug_abbrev  0x000014a4       0x38 c:/program files (x86)/microchip/xc32/v1.10/bin/../lib/gcc/pic32mx/4.5.1/../../../../pic32mx/lib\libpic32.a(sbrk.o)
 .debug_abbrev  0x000014dc        0x1 c:/program files (x86)/microchip/xc32/v1.10/bin/../lib/gcc/pic32mx/4.5.1/../../../../pic32mx/lib\libpic32.a(errno.o)

.debug_line     0x00000000     0x2676
 *(.debug_line)
 .debug_line    0x00000000      0x43f Objects\C32\main.o
 .debug_line    0x0000043f      0x191 Objects\C32\usb_config.o
 .debug_line    0x000005d0      0x251 Objects\C32\LCDBlocking.o
 .debug_line    0x00000821      0x241 Objects\C32\uart2.o
 .debug_line    0x00000a62      0x279 Objects\C32\usb_host_generic.o
 .debug_line    0x00000cdb      0xe67 Objects\C32\usb_host.o
 .debug_line    0x00001b42      0x173 Objects\C32\Delay.o
 .debug_line    0x00001cb5      0x406 Objects\C32\tjpgd.o
 .debug_line    0x000020bb       0x62 c:/program files (x86)/microchip/xc32/v1.10/bin/../lib/gcc/pic32mx/4.5.1/../../../../pic32mx/lib\libmchp_peripheral_32MX795F512H.a(pcache.o)
 .debug_line    0x0000211d       0x73 c:/program files (x86)/microchip/xc32/v1.10/bin/../lib/gcc/pic32mx/4.5.1/../../../../pic32mx/lib\libmchp_peripheral_32MX795F512H.a(int_disable_interrupts_lib.o)
 .debug_line    0x00002190       0x73 c:/program files (x86)/microchip/xc32/v1.10/bin/../lib/gcc/pic32mx/4.5.1/../../../../pic32mx/lib\libmchp_peripheral_32MX795F512H.a(int_restore_interrupts_lib.o)
 .debug_line    0x00002203       0x6e c:/program files (x86)/microchip/xc32/v1.10/bin/../lib/gcc/pic32mx/4.5.1/../../../../pic32mx/lib\libmchp_peripheral_32MX795F512H.a(int_enable_mv_int_lib.o)
 .debug_line    0x00002271       0x72 c:/program files (x86)/microchip/xc32/v1.10/bin/../lib/gcc/pic32mx/4.5.1/../../../../pic32mx/lib\libmchp_peripheral_32MX795F512H.a(int_enable_interrupts_lib.o)
 .debug_line    0x000022e3       0x94 c:/program files (x86)/microchip/xc32/v1.10/bin/../lib/gcc/pic32mx/4.5.1/../../../../pic32mx/lib\libpic32.a(default-bootstrap-exception-handler.o)
 .debug_line    0x00002377       0x81 c:/program files (x86)/microchip/xc32/v1.10/bin/../lib/gcc/pic32mx/4.5.1/../../../../pic32mx/lib\libpic32.a(default-on-reset.o)
 .debug_line    0x000023f8       0x85 c:/program files (x86)/microchip/xc32/v1.10/bin/../lib/gcc/pic32mx/4.5.1/../../../../pic32mx/lib\libpic32.a(default-on-bootstrap.o)
 .debug_line    0x0000247d       0x92 c:/program files (x86)/microchip/xc32/v1.10/bin/../lib/gcc/pic32mx/4.5.1/../../../../pic32mx/lib\libpic32.a(default-general-exception-handler.o)
 .debug_line    0x0000250f       0x79 c:/program files (x86)/microchip/xc32/v1.10/bin/../lib/gcc/pic32mx/4.5.1/../../../../pic32mx/lib\libc.a(malloc.o)
 .debug_line    0x00002588       0x79 c:/program files (x86)/microchip/xc32/v1.10/bin/../lib/gcc/pic32mx/4.5.1/../../../../pic32mx/lib\libc.a(memcpy.o)
 .debug_line    0x00002601       0x75 c:/program files (x86)/microchip/xc32/v1.10/bin/../lib/gcc/pic32mx/4.5.1/../../../../pic32mx/lib\libpic32.a(sbrk.o)
 .debug_line    0x00002676        0x0 c:/program files (x86)/microchip/xc32/v1.10/bin/../lib/gcc/pic32mx/4.5.1/../../../../pic32mx/lib\libpic32.a(errno.o)

.debug_frame    0x00000000      0xc0c
 *(.debug_frame)
 .debug_frame   0x00000000       0xd4 Objects\C32\main.o
 .debug_frame   0x000000d4       0x9c Objects\C32\LCDBlocking.o
 .debug_frame   0x00000170      0x17c Objects\C32\uart2.o
 .debug_frame   0x000002ec       0x9c Objects\C32\usb_host_generic.o
 .debug_frame   0x00000388      0x4a4 Objects\C32\usb_host.o
 .debug_frame   0x0000082c       0x48 Objects\C32\Delay.o
 .debug_frame   0x00000874      0x148 Objects\C32\tjpgd.o
 .debug_frame   0x000009bc       0x30 c:/program files (x86)/microchip/xc32/v1.10/bin/../lib/gcc/pic32mx/4.5.1/../../../../pic32mx/lib\libmchp_peripheral_32MX795F512H.a(pcache.o)
 .debug_frame   0x000009ec       0x20 c:/program files (x86)/microchip/xc32/v1.10/bin/../lib/gcc/pic32mx/4.5.1/../../../../pic32mx/lib\libmchp_peripheral_32MX795F512H.a(int_disable_interrupts_lib.o)
 .debug_frame   0x00000a0c       0x20 c:/program files (x86)/microchip/xc32/v1.10/bin/../lib/gcc/pic32mx/4.5.1/../../../../pic32mx/lib\libmchp_peripheral_32MX795F512H.a(int_restore_interrupts_lib.o)
 .debug_frame   0x00000a2c       0x28 c:/program files (x86)/microchip/xc32/v1.10/bin/../lib/gcc/pic32mx/4.5.1/../../../../pic32mx/lib\libmchp_peripheral_32MX795F512H.a(int_enable_mv_int_lib.o)
 .debug_frame   0x00000a54       0x20 c:/program files (x86)/microchip/xc32/v1.10/bin/../lib/gcc/pic32mx/4.5.1/../../../../pic32mx/lib\libmchp_peripheral_32MX795F512H.a(int_enable_interrupts_lib.o)
 .debug_frame   0x00000a74       0x20 c:/program files (x86)/microchip/xc32/v1.10/bin/../lib/gcc/pic32mx/4.5.1/../../../../pic32mx/lib\libpic32.a(default-bootstrap-exception-handler.o)
 .debug_frame   0x00000a94       0x20 c:/program files (x86)/microchip/xc32/v1.10/bin/../lib/gcc/pic32mx/4.5.1/../../../../pic32mx/lib\libpic32.a(default-on-reset.o)
 .debug_frame   0x00000ab4       0x20 c:/program files (x86)/microchip/xc32/v1.10/bin/../lib/gcc/pic32mx/4.5.1/../../../../pic32mx/lib\libpic32.a(default-on-bootstrap.o)
 .debug_frame   0x00000ad4       0x20 c:/program files (x86)/microchip/xc32/v1.10/bin/../lib/gcc/pic32mx/4.5.1/../../../../pic32mx/lib\libpic32.a(default-general-exception-handler.o)
 .debug_frame   0x00000af4       0x6c c:/program files (x86)/microchip/xc32/v1.10/bin/../lib/gcc/pic32mx/4.5.1/../../../../pic32mx/lib\libc.a(malloc.o)
 .debug_frame   0x00000b60       0x20 c:/program files (x86)/microchip/xc32/v1.10/bin/../lib/gcc/pic32mx/4.5.1/../../../../pic32mx/lib\libc.a(memcpy.o)
 .debug_frame   0x00000b80       0x8c c:/program files (x86)/microchip/xc32/v1.10/bin/../lib/gcc/pic32mx/4.5.1/../../../../pic32mx/lib\libpic32.a(sbrk.o)

.debug_str      0x00000000      0xc0c
 *(.debug_str)
 .debug_str     0x00000000      0x1af Objects\C32\main.o
 .debug_str     0x000001af      0x12f Objects\C32\usb_config.o
 .debug_str     0x000002de      0x168 Objects\C32\LCDBlocking.o
 .debug_str     0x00000446      0x16d Objects\C32\uart2.o
 .debug_str     0x000005b3      0x173 Objects\C32\usb_host_generic.o
 .debug_str     0x00000726      0x3af Objects\C32\usb_host.o
 .debug_str     0x00000ad5      0x12f Objects\C32\Delay.o
 .debug_str     0x00000c04        0x8 Objects\C32\tjpgd.o
 .debug_str     0x00000c0c        0x0 c:/program files (x86)/microchip/xc32/v1.10/bin/../lib/gcc/pic32mx/4.5.1/../../../../pic32mx/lib\libmchp_peripheral_32MX795F512H.a(pcache.o)
 .debug_str     0x00000c0c        0x0 c:/program files (x86)/microchip/xc32/v1.10/bin/../lib/gcc/pic32mx/4.5.1/../../../../pic32mx/lib\libmchp_peripheral_32MX795F512H.a(int_disable_interrupts_lib.o)
 .debug_str     0x00000c0c        0x0 c:/program files (x86)/microchip/xc32/v1.10/bin/../lib/gcc/pic32mx/4.5.1/../../../../pic32mx/lib\libmchp_peripheral_32MX795F512H.a(int_restore_interrupts_lib.o)
 .debug_str     0x00000c0c        0x0 c:/program files (x86)/microchip/xc32/v1.10/bin/../lib/gcc/pic32mx/4.5.1/../../../../pic32mx/lib\libmchp_peripheral_32MX795F512H.a(int_enable_mv_int_lib.o)
 .debug_str     0x00000c0c        0x0 c:/program files (x86)/microchip/xc32/v1.10/bin/../lib/gcc/pic32mx/4.5.1/../../../../pic32mx/lib\libmchp_peripheral_32MX795F512H.a(int_enable_interrupts_lib.o)
 .debug_str     0x00000c0c        0x0 c:/program files (x86)/microchip/xc32/v1.10/bin/../lib/gcc/pic32mx/4.5.1/../../../../pic32mx/lib\libpic32.a(default-bootstrap-exception-handler.o)
 .debug_str     0x00000c0c        0x0 c:/program files (x86)/microchip/xc32/v1.10/bin/../lib/gcc/pic32mx/4.5.1/../../../../pic32mx/lib\libpic32.a(default-on-reset.o)
 .debug_str     0x00000c0c        0x0 c:/program files (x86)/microchip/xc32/v1.10/bin/../lib/gcc/pic32mx/4.5.1/../../../../pic32mx/lib\libpic32.a(default-on-bootstrap.o)
 .debug_str     0x00000c0c        0x0 c:/program files (x86)/microchip/xc32/v1.10/bin/../lib/gcc/pic32mx/4.5.1/../../../../pic32mx/lib\libpic32.a(default-general-exception-handler.o)
 .debug_str     0x00000c0c        0x0 c:/program files (x86)/microchip/xc32/v1.10/bin/../lib/gcc/pic32mx/4.5.1/../../../../pic32mx/lib\libc.a(malloc.o)
 .debug_str     0x00000c0c        0x0 c:/program files (x86)/microchip/xc32/v1.10/bin/../lib/gcc/pic32mx/4.5.1/../../../../pic32mx/lib\libc.a(memcpy.o)
 .debug_str     0x00000c0c        0x0 c:/program files (x86)/microchip/xc32/v1.10/bin/../lib/gcc/pic32mx/4.5.1/../../../../pic32mx/lib\libpic32.a(sbrk.o)
 .debug_str     0x00000c0c        0x0 c:/program files (x86)/microchip/xc32/v1.10/bin/../lib/gcc/pic32mx/4.5.1/../../../../pic32mx/lib\libpic32.a(errno.o)

.debug_loc
 *(.debug_loc)

.debug_macinfo
 *(.debug_macinfo)

.debug_weaknames
 *(.debug_weaknames)

.debug_funcnames
 *(.debug_funcnames)

.debug_typenames
 *(.debug_typenames)

.debug_varnames
 *(.debug_varnames)

.debug_pubtypes
                0x00000000      0xf3c
 *(.debug_pubtypes)
 .debug_pubtypes
                0x00000000      0x248 Objects\C32\main.o
 .debug_pubtypes
                0x00000248      0x19f Objects\C32\usb_config.o
 .debug_pubtypes
                0x000003e7      0x162 Objects\C32\LCDBlocking.o
 .debug_pubtypes
                0x00000549      0x11d Objects\C32\uart2.o
 .debug_pubtypes
                0x00000666      0x1bf Objects\C32\usb_host_generic.o
 .debug_pubtypes
                0x00000825      0x5a3 Objects\C32\usb_host.o
 .debug_pubtypes
                0x00000dc8       0xfa Objects\C32\Delay.o
 .debug_pubtypes
                0x00000ec2       0x7a Objects\C32\tjpgd.o

.debug_ranges   0x00000000      0x140
 *(.debug_ranges)
 .debug_ranges  0x00000000       0x48 Objects\C32\main.o
 .debug_ranges  0x00000048       0x18 c:/program files (x86)/microchip/xc32/v1.10/bin/../lib/gcc/pic32mx/4.5.1/../../../../pic32mx/lib\libmchp_peripheral_32MX795F512H.a(pcache.o)
 .debug_ranges  0x00000060       0x10 c:/program files (x86)/microchip/xc32/v1.10/bin/../lib/gcc/pic32mx/4.5.1/../../../../pic32mx/lib\libmchp_peripheral_32MX795F512H.a(int_disable_interrupts_lib.o)
 .debug_ranges  0x00000070       0x10 c:/program files (x86)/microchip/xc32/v1.10/bin/../lib/gcc/pic32mx/4.5.1/../../../../pic32mx/lib\libmchp_peripheral_32MX795F512H.a(int_restore_interrupts_lib.o)
 .debug_ranges  0x00000080       0x10 c:/program files (x86)/microchip/xc32/v1.10/bin/../lib/gcc/pic32mx/4.5.1/../../../../pic32mx/lib\libmchp_peripheral_32MX795F512H.a(int_enable_mv_int_lib.o)
 .debug_ranges  0x00000090       0x10 c:/program files (x86)/microchip/xc32/v1.10/bin/../lib/gcc/pic32mx/4.5.1/../../../../pic32mx/lib\libmchp_peripheral_32MX795F512H.a(int_enable_interrupts_lib.o)
 .debug_ranges  0x000000a0       0x10 c:/program files (x86)/microchip/xc32/v1.10/bin/../lib/gcc/pic32mx/4.5.1/../../../../pic32mx/lib\libpic32.a(default-bootstrap-exception-handler.o)
 .debug_ranges  0x000000b0       0x10 c:/program files (x86)/microchip/xc32/v1.10/bin/../lib/gcc/pic32mx/4.5.1/../../../../pic32mx/lib\libpic32.a(default-on-reset.o)
 .debug_ranges  0x000000c0       0x10 c:/program files (x86)/microchip/xc32/v1.10/bin/../lib/gcc/pic32mx/4.5.1/../../../../pic32mx/lib\libpic32.a(default-on-bootstrap.o)
 .debug_ranges  0x000000d0       0x10 c:/program files (x86)/microchip/xc32/v1.10/bin/../lib/gcc/pic32mx/4.5.1/../../../../pic32mx/lib\libpic32.a(default-general-exception-handler.o)
 .debug_ranges  0x000000e0       0x20 c:/program files (x86)/microchip/xc32/v1.10/bin/../lib/gcc/pic32mx/4.5.1/../../../../pic32mx/lib\libc.a(malloc.o)
 .debug_ranges  0x00000100       0x10 c:/program files (x86)/microchip/xc32/v1.10/bin/../lib/gcc/pic32mx/4.5.1/../../../../pic32mx/lib\libc.a(memcpy.o)
 .debug_ranges  0x00000110       0x30 c:/program files (x86)/microchip/xc32/v1.10/bin/../lib/gcc/pic32mx/4.5.1/../../../../pic32mx/lib\libpic32.a(sbrk.o)

.gnu.attributes
                0x00000000       0x10
 *(.gnu.attributes)
 .gnu.attributes
                0x00000000       0x10 Objects\C32\main.o
 .gnu.attributes
                0x00000010       0x10 Objects\C32\usb_config.o
 .gnu.attributes
                0x00000020       0x10 Objects\C32\LCDBlocking.o
 .gnu.attributes
                0x00000030       0x10 Objects\C32\uart2.o
 .gnu.attributes
                0x00000040       0x10 Objects\C32\usb_host_generic.o
 .gnu.attributes
                0x00000050       0x10 Objects\C32\usb_host.o
 .gnu.attributes
                0x00000060       0x10 Objects\C32\Delay.o
 .gnu.attributes
                0x00000070       0x10 Objects\C32\tjpgd.o
 .gnu.attributes
                0x00000080       0x10 c:/program files (x86)/microchip/xc32/v1.10/bin/../lib/gcc/pic32mx/4.5.1/../../../../pic32mx/lib\libmchp_peripheral_32MX795F512H.a(pcache.o)
 .gnu.attributes
                0x00000090       0x10 c:/program files (x86)/microchip/xc32/v1.10/bin/../lib/gcc/pic32mx/4.5.1/../../../../pic32mx/lib\libmchp_peripheral_32MX795F512H.a(int_disable_interrupts_lib.o)
 .gnu.attributes
                0x000000a0       0x10 c:/program files (x86)/microchip/xc32/v1.10/bin/../lib/gcc/pic32mx/4.5.1/../../../../pic32mx/lib\libmchp_peripheral_32MX795F512H.a(int_restore_interrupts_lib.o)
 .gnu.attributes
                0x000000b0       0x10 c:/program files (x86)/microchip/xc32/v1.10/bin/../lib/gcc/pic32mx/4.5.1/../../../../pic32mx/lib\libmchp_peripheral_32MX795F512H.a(int_enable_mv_int_lib.o)
 .gnu.attributes
                0x000000c0       0x10 c:/program files (x86)/microchip/xc32/v1.10/bin/../lib/gcc/pic32mx/4.5.1/../../../../pic32mx/lib\libmchp_peripheral_32MX795F512H.a(int_enable_interrupts_lib.o)
 .gnu.attributes
                0x000000d0       0x10 c:/program files (x86)/microchip/xc32/v1.10/bin/../lib/gcc/pic32mx/4.5.1/../../../../pic32mx/lib\libpic32.a(default-bootstrap-exception-handler.o)
 .gnu.attributes
                0x000000e0       0x10 c:/program files (x86)/microchip/xc32/v1.10/bin/../lib/gcc/pic32mx/4.5.1/../../../../pic32mx/lib\libpic32.a(default-on-reset.o)
 .gnu.attributes
                0x000000f0       0x10 c:/program files (x86)/microchip/xc32/v1.10/bin/../lib/gcc/pic32mx/4.5.1/../../../../pic32mx/lib\libpic32.a(default-on-bootstrap.o)
 .gnu.attributes
                0x00000100       0x10 c:/program files (x86)/microchip/xc32/v1.10/bin/../lib/gcc/pic32mx/4.5.1/../../../../pic32mx/lib\libpic32.a(default-general-exception-handler.o)
 .gnu.attributes
                0x00000110       0x10 c:/program files (x86)/microchip/xc32/v1.10/bin/../lib/gcc/pic32mx/4.5.1/../../../../pic32mx/lib\libc.a(malloc.o)
 .gnu.attributes
                0x00000120       0x10 c:/program files (x86)/microchip/xc32/v1.10/bin/../lib/gcc/pic32mx/4.5.1/../../../../pic32mx/lib\libc.a(memcpy.o)
 .gnu.attributes
                0x00000130       0x10 c:/program files (x86)/microchip/xc32/v1.10/bin/../lib/gcc/pic32mx/4.5.1/../../../../pic32mx/lib\libpic32.a(sbrk.o)
 .gnu.attributes
                0x00000140       0x10 c:/program files (x86)/microchip/xc32/v1.10/bin/../lib/gcc/pic32mx/4.5.1/../../../../pic32mx/lib\libpic32.a(errno.o)
LOAD c:/program files (x86)/microchip/xc32/v1.10/bin/../lib/gcc/pic32mx/4.5.1\libgcc.a
START GROUP
LOAD c:/program files (x86)/microchip/xc32/v1.10/bin/../lib/gcc/pic32mx/4.5.1/../../../../pic32mx/lib\libpic32.a
LOAD c:/program files (x86)/microchip/xc32/v1.10/bin/../lib/gcc/pic32mx/4.5.1/../../../../pic32mx/lib\libdebug.a
LOAD c:/program files (x86)/microchip/xc32/v1.10/bin/../lib/gcc/pic32mx/4.5.1/../../../../pic32mx/lib\libm.a
LOAD c:/program files (x86)/microchip/xc32/v1.10/bin/../lib/gcc/pic32mx/4.5.1/../../../../pic32mx/lib\libe.a
LOAD c:/program files (x86)/microchip/xc32/v1.10/bin/../lib/gcc/pic32mx/4.5.1/../../../../pic32mx/lib\libdsp.a
LOAD c:/program files (x86)/microchip/xc32/v1.10/bin/../lib/gcc/pic32mx/4.5.1\libgcc.a
LOAD c:/program files (x86)/microchip/xc32/v1.10/bin/../lib/gcc/pic32mx/4.5.1/../../../../pic32mx/lib\libpic32.a
LOAD c:/program files (x86)/microchip/xc32/v1.10/bin/../lib/gcc/pic32mx/4.5.1/../../../../pic32mx/lib\libc.a
LOAD c:/program files (x86)/microchip/xc32/v1.10/bin/../lib/gcc/pic32mx/4.5.1/../../../../pic32mx/lib\libpic32.a
END GROUP
LOAD c:/program files (x86)/microchip/xc32/v1.10/bin/../lib/gcc/pic32mx/4.5.1\libgcc.a
OUTPUT(USB Host - MCHPUSB - Generic Driver Demo - XC32.elf elf32-tradlittlemips)
LOAD stack
LOAD data_init

.reginfo        0x9d000000       0x18
 .reginfo       0x9d000000       0x18 c:/program files (x86)/microchip/xc32/v1.10/bin/../lib/gcc/pic32mx/4.5.1/../../../../pic32mx/lib/crt0.o

.stack          0xa000c3c0      0x400
 .stack         0xa000c3c0      0x400 stack

.bss            0xa000a200      0x200
 .bss           0xa000a200      0x200 Objects\C32\usb_host.o

.bss            0xa000a118       0x1c
 .bss           0xa000a118       0x1c c:/program files (x86)/microchip/xc32/v1.10/bin/../lib/gcc/pic32mx/4.5.1/../../../../pic32mx/lib\libpic32.a(sbrk.o)

.data           0xa000a134       0x10
 .data          0xa000a134       0x10 Objects\C32\usb_config.o
                0xa000a134                usbClientDrvTable

.bss            0xa000a144       0x10
 .bss           0xa000a144       0x10 c:/program files (x86)/microchip/xc32/v1.10/bin/../lib/gcc/pic32mx/4.5.1/../../../../pic32mx/lib\libc.a(malloc.o)
                0xa000a144                __allocs

.bss%z1         0x00000000        0x0
 .bss           0x00000000        0x0 c:/program files (x86)/microchip/xc32/v1.10/bin/../lib/gcc/pic32mx/4.5.1/../../../../pic32mx/lib\libpic32.a(errno.o)

.data%z2        0x00000000        0x0
 .data          0x00000000        0x0 c:/program files (x86)/microchip/xc32/v1.10/bin/../lib/gcc/pic32mx/4.5.1/../../../../pic32mx/lib\libpic32.a(errno.o)

.data%z3        0x00000000        0x0
 .data          0x00000000        0x0 c:/program files (x86)/microchip/xc32/v1.10/bin/../lib/gcc/pic32mx/4.5.1/../../../../pic32mx/lib\libpic32.a(sbrk.o)

.bss%z4         0x00000000        0x0
 .bss           0x00000000        0x0 c:/program files (x86)/microchip/xc32/v1.10/bin/../lib/gcc/pic32mx/4.5.1/../../../../pic32mx/lib\libc.a(memcpy.o)

.data%z5        0x00000000        0x0
 .data          0x00000000        0x0 c:/program files (x86)/microchip/xc32/v1.10/bin/../lib/gcc/pic32mx/4.5.1/../../../../pic32mx/lib\libc.a(memcpy.o)

.data%z6        0x00000000        0x0
 .data          0x00000000        0x0 c:/program files (x86)/microchip/xc32/v1.10/bin/../lib/gcc/pic32mx/4.5.1/../../../../pic32mx/lib\libc.a(malloc.o)

.bss%z7         0x00000000        0x0
 .bss           0x00000000        0x0 c:/program files (x86)/microchip/xc32/v1.10/bin/../lib/gcc/pic32mx/4.5.1/../../../../pic32mx/lib\libm.a(fp32.o)

.data%z8        0x00000000        0x0
 .data          0x00000000        0x0 c:/program files (x86)/microchip/xc32/v1.10/bin/../lib/gcc/pic32mx/4.5.1/../../../../pic32mx/lib\libm.a(fp32.o)

.bss%z9         0x00000000        0x0
 .bss           0x00000000        0x0 c:/program files (x86)/microchip/xc32/v1.10/bin/../lib/gcc/pic32mx/4.5.1/../../../../pic32mx/lib\libpic32.a(default-general-exception-handler.o)

.data%z10       0x00000000        0x0
 .data          0x00000000        0x0 c:/program files (x86)/microchip/xc32/v1.10/bin/../lib/gcc/pic32mx/4.5.1/../../../../pic32mx/lib\libpic32.a(default-general-exception-handler.o)

.bss%z11        0x00000000        0x0
 .bss           0x00000000        0x0 c:/program files (x86)/microchip/xc32/v1.10/bin/../lib/gcc/pic32mx/4.5.1/../../../../pic32mx/lib\libpic32.a(general-exception.o)

.data%z12       0x00000000        0x0
 .data          0x00000000        0x0 c:/program files (x86)/microchip/xc32/v1.10/bin/../lib/gcc/pic32mx/4.5.1/../../../../pic32mx/lib\libpic32.a(general-exception.o)

.bss%z13        0x00000000        0x0
 .bss           0x00000000        0x0 c:/program files (x86)/microchip/xc32/v1.10/bin/../lib/gcc/pic32mx/4.5.1/../../../../pic32mx/lib\libpic32.a(default-nmi-handler.o)

.data%z14       0x00000000        0x0
 .data          0x00000000        0x0 c:/program files (x86)/microchip/xc32/v1.10/bin/../lib/gcc/pic32mx/4.5.1/../../../../pic32mx/lib\libpic32.a(default-nmi-handler.o)

.bss%z15        0x00000000        0x0
 .bss           0x00000000        0x0 c:/program files (x86)/microchip/xc32/v1.10/bin/../lib/gcc/pic32mx/4.5.1/../../../../pic32mx/lib\libpic32.a(default-on-bootstrap.o)

.data%z16       0x00000000        0x0
 .data          0x00000000        0x0 c:/program files (x86)/microchip/xc32/v1.10/bin/../lib/gcc/pic32mx/4.5.1/../../../../pic32mx/lib\libpic32.a(default-on-bootstrap.o)

.bss%z17        0x00000000        0x0
 .bss           0x00000000        0x0 c:/program files (x86)/microchip/xc32/v1.10/bin/../lib/gcc/pic32mx/4.5.1/../../../../pic32mx/lib\libpic32.a(default-on-reset.o)

.data%z18       0x00000000        0x0
 .data          0x00000000        0x0 c:/program files (x86)/microchip/xc32/v1.10/bin/../lib/gcc/pic32mx/4.5.1/../../../../pic32mx/lib\libpic32.a(default-on-reset.o)

.bss%z19        0x00000000        0x0
 .bss           0x00000000        0x0 c:/program files (x86)/microchip/xc32/v1.10/bin/../lib/gcc/pic32mx/4.5.1/../../../../pic32mx/lib\libpic32.a(default-bootstrap-exception-handler.o)

.data%z20       0x00000000        0x0
 .data          0x00000000        0x0 c:/program files (x86)/microchip/xc32/v1.10/bin/../lib/gcc/pic32mx/4.5.1/../../../../pic32mx/lib\libpic32.a(default-bootstrap-exception-handler.o)

.bss%z21        0x00000000        0x0
 .bss           0x00000000        0x0 c:/program files (x86)/microchip/xc32/v1.10/bin/../lib/gcc/pic32mx/4.5.1/../../../../pic32mx/lib\libpic32.a(memset.o)

.data%z22       0x00000000        0x0
 .data          0x00000000        0x0 c:/program files (x86)/microchip/xc32/v1.10/bin/../lib/gcc/pic32mx/4.5.1/../../../../pic32mx/lib\libpic32.a(memset.o)

.bss%z23        0x00000000        0x0
 .bss           0x00000000        0x0 c:/program files (x86)/microchip/xc32/v1.10/bin/../lib/gcc/pic32mx/4.5.1/../../../../pic32mx/lib\libmchp_peripheral_32MX795F512H.a(int_enable_interrupts_lib.o)

.data%z24       0x00000000        0x0
 .data          0x00000000        0x0 c:/program files (x86)/microchip/xc32/v1.10/bin/../lib/gcc/pic32mx/4.5.1/../../../../pic32mx/lib\libmchp_peripheral_32MX795F512H.a(int_enable_interrupts_lib.o)

.bss%z25        0x00000000        0x0
 .bss           0x00000000        0x0 c:/program files (x86)/microchip/xc32/v1.10/bin/../lib/gcc/pic32mx/4.5.1/../../../../pic32mx/lib\libmchp_peripheral_32MX795F512H.a(int_enable_mv_int_lib.o)

.data%z26       0x00000000        0x0
 .data          0x00000000        0x0 c:/program files (x86)/microchip/xc32/v1.10/bin/../lib/gcc/pic32mx/4.5.1/../../../../pic32mx/lib\libmchp_peripheral_32MX795F512H.a(int_enable_mv_int_lib.o)

.bss%z27        0x00000000        0x0
 .bss           0x00000000        0x0 c:/program files (x86)/microchip/xc32/v1.10/bin/../lib/gcc/pic32mx/4.5.1/../../../../pic32mx/lib\libmchp_peripheral_32MX795F512H.a(int_restore_interrupts_lib.o)

.data%z28       0x00000000        0x0
 .data          0x00000000        0x0 c:/program files (x86)/microchip/xc32/v1.10/bin/../lib/gcc/pic32mx/4.5.1/../../../../pic32mx/lib\libmchp_peripheral_32MX795F512H.a(int_restore_interrupts_lib.o)

.bss%z29        0x00000000        0x0
 .bss           0x00000000        0x0 c:/program files (x86)/microchip/xc32/v1.10/bin/../lib/gcc/pic32mx/4.5.1/../../../../pic32mx/lib\libmchp_peripheral_32MX795F512H.a(int_disable_interrupts_lib.o)

.data%z30       0x00000000        0x0
 .data          0x00000000        0x0 c:/program files (x86)/microchip/xc32/v1.10/bin/../lib/gcc/pic32mx/4.5.1/../../../../pic32mx/lib\libmchp_peripheral_32MX795F512H.a(int_disable_interrupts_lib.o)

.bss%z31        0x00000000        0x0
 .bss           0x00000000        0x0 c:/program files (x86)/microchip/xc32/v1.10/bin/../lib/gcc/pic32mx/4.5.1/../../../../pic32mx/lib\libmchp_peripheral_32MX795F512H.a(pcache.o)

.data%z32       0x00000000        0x0
 .data          0x00000000        0x0 c:/program files (x86)/microchip/xc32/v1.10/bin/../lib/gcc/pic32mx/4.5.1/../../../../pic32mx/lib\libmchp_peripheral_32MX795F512H.a(pcache.o)

.bss%z33        0x00000000        0x0
 .bss           0x00000000        0x0 c:/program files (x86)/microchip/xc32/v1.10/bin/../lib/gcc/pic32mx/4.5.1/../../../../pic32mx/lib/./proc/32MX795F512H\processor.o

.data%z34       0x00000000        0x0
 .data          0x00000000        0x0 c:/program files (x86)/microchip/xc32/v1.10/bin/../lib/gcc/pic32mx/4.5.1/../../../../pic32mx/lib/./proc/32MX795F512H\processor.o

.bss%z35        0x00000000        0x0
 .bss           0x00000000        0x0 Objects\C32\tjpgd.o

.data%z36       0x00000000        0x0
 .data          0x00000000        0x0 Objects\C32\tjpgd.o

.bss%z37        0x00000000        0x0
 .bss           0x00000000        0x0 Objects\C32\Delay.o

.data%z38       0x00000000        0x0
 .data          0x00000000        0x0 Objects\C32\Delay.o

.data%z39       0x00000000        0x0
 .data          0x00000000        0x0 Objects\C32\usb_host.o

.bss%z40        0x00000000        0x0
 .bss           0x00000000        0x0 Objects\C32\usb_host_generic.o

.data%z41       0x00000000        0x0
 .data          0x00000000        0x0 Objects\C32\usb_host_generic.o

.bss%z42        0x00000000        0x0
 .bss           0x00000000        0x0 Objects\C32\uart2.o

.data%z43       0x00000000        0x0
 .data          0x00000000        0x0 Objects\C32\uart2.o

.bss%z44        0x00000000        0x0
 .bss           0x00000000        0x0 Objects\C32\LCDBlocking.o

.data%z45       0x00000000        0x0
 .data          0x00000000        0x0 Objects\C32\LCDBlocking.o

.bss%z46        0x00000000        0x0
 .bss           0x00000000        0x0 Objects\C32\usb_config.o

.bss%z47        0x00000000        0x0
 .bss           0x00000000        0x0 Objects\C32\main.o

.data%z48       0x00000000        0x0
 .data          0x00000000        0x0 Objects\C32\main.o

.bss%z49        0x00000000        0x0
 .bss           0x00000000        0x0 c:/program files (x86)/microchip/xc32/v1.10/bin/../lib/gcc/pic32mx/4.5.1/../../../../pic32mx/lib/crt0.o

.data%z50       0x00000000        0x0
 .data          0x00000000        0x0 c:/program files (x86)/microchip/xc32/v1.10/bin/../lib/gcc/pic32mx/4.5.1/../../../../pic32mx/lib/crt0.o

.text           0x9d000020     0xf46c
 .text          0x9d000020     0x8780 Objects\C32\usb_host.o
                0x9d000020                USBHostClearEndpointErrors
                0x9d0000cc                USBHostDeviceSpecificClientDriver
                0x9d000108                USBHostDeviceStatus
                0x9d0001c8                USBHostInit
                0x9d0002d4                USBHostIsochronousBuffersCreate
                0x9d000454                USBHostIsochronousBuffersDestroy
                0x9d00053c                USBHostIsochronousBuffersReset
                0x9d0005f0                USBHostIssueDeviceRequest
                0x9d0009f4                USBHostRead
                0x9d000b6c                USBHostResetDevice
                0x9d000be0                USBHostResumeDevice
                0x9d000c64                USBHostSetDeviceConfiguration
                0x9d000d30                USBHostSetNAKTimeout
                0x9d000e04                USBHostShutdown
                0x9d000ea8                USBHostSuspendDevice
                0x9d000f30                USBHostTasks
                0x9d00306c                USBHostTerminateTransfer
                0x9d003110                USBHostTransferIsComplete
                0x9d003270                USBHostVbusEvent
                0x9d003328                USBHostWrite
                0x9d0034a0                _USB_CheckCommandAndEnumerationAttempts
                0x9d003560                _USB_FindClassDriver
                0x9d003708                _USB_FindDeviceLevelClientDriver
                0x9d003a60                _USB_FindEndpoint
                0x9d003b3c                _USB_FindNextToken
                0x9d005eb0                _USB_FindServiceEndpoint
                0x9d0061a4                _USB_FreeConfigMemory
                0x9d006344                _USB_FreeMemory
                0x9d006444                _USB_InitControlRead
                0x9d00653c                _USB_InitControlWrite
                0x9d006654                _USB_InitRead
                0x9d006774                _USB_InitWrite
                0x9d006894                _USB_NotifyClients
                0x9d0069b8                _USB_NotifyDataClients
                0x9d006a60                _USB_ParseConfigurationDescriptor
                0x9d0073a0                _USB_ResetDATA0
                0x9d0074ac                _USB_SendToken
                0x9d0075b4                _USB_SetBDT
                0x9d007950                _USB_TransferInProgress
                0x9d007a44                _USB1Interrupt
 .text          0x9d0087a0     0x30b4 Objects\C32\tjpgd.o
                0x9d00ab50                jd_prepare
                0x9d00b654                jd_decomp
 .text          0x9d00b854     0x1b8c Objects\C32\main.o
                0x9d00b854                InitializeSystem
                0x9d00bb34                CheckForNewAttach
                0x9d00bc44                control
                0x9d00bd58                packet_dump
                0x9d00be00                ManageDemoState
                0x9d00cc80                USB_ApplicationEventHandler
                0x9d00d33c                main
 .text          0x9d00d3e0      0x8ec c:/program files (x86)/microchip/xc32/v1.10/bin/../lib/gcc/pic32mx/4.5.1/../../../../pic32mx/lib\libm.a(fp32.o)
                0x9d00d3e0                __subsf3
                0x9d00d3e0                fpsub
                0x9d00d3e8                fpadd
                0x9d00d3e8                __addsf3
                0x9d00d654                fpmul
                0x9d00d654                __mulsf3
                0x9d00d80c                fpdiv
                0x9d00d80c                __divsf3
                0x9d00da38                litofp
                0x9d00da38                sitofp
                0x9d00da38                __floatsisf
                0x9d00da94                uitofp
                0x9d00da94                ultofp
                0x9d00dae0                fptosi
                0x9d00dae0                fptoli
                0x9d00dae0                __fixsfsi
                0x9d00db58                __fixunssfsi
                0x9d00db58                fptoul
                0x9d00db58                fptoui
                0x9d00dbcc                __eqsf2
                0x9d00dbcc                __nesf2
                0x9d00dbcc                __lesf2
                0x9d00dbcc                __ltsf2
                0x9d00dbcc                fpcmp
                0x9d00dbcc                __gtsf2
                0x9d00dbcc                __gesf2
                0x9d00dc60                fpfabs
                0x9d00dc60                fabsf
                0x9d00dc70                __negsf2
                0x9d00dc80                fpnan
                0x9d00dc80                nanf
 .text          0x9d00dccc      0x8b4 Objects\C32\LCDBlocking.o
                0x9d00dfe4                LCDInit
                0x9d00e24c                LCDUpdate
                0x9d00e420                LCDErase
                0x9d00e47c                LCDWriteLine
 .text          0x9d00e580      0x8b0 Objects\C32\uart2.o
                0x9d00e580                UART2GetBaudError
                0x9d00e5b0                UART2GetChar
                0x9d00e608                UART2Init
                0x9d00e6a4                UART2IsPressed
                0x9d00e6e8                UART2PrintString
                0x9d00e758                UART2PutChar
                0x9d00e7a4                UART2PutDec
                0x9d00e934                UART2PutHex
                0x9d00e9cc                UART2PutHexWord
                0x9d00eac4                UART2PutHexDWord
                0x9d00ec88                UART2Char2Hex
                0x9d00ed80                UART2Hex2Char
                0x9d00edec                UART2ClrError
 .text          0x9d00ee30      0x65c Objects\C32\usb_host_generic.o
                0x9d00ee30                USBHostGenericInit
                0x9d00efb8                USBHostGenericEventHandler
                0x9d00f1d0                USBHostGenericGetDeviceAddress
                0x9d00f290                USBHostGenericRead
                0x9d00f394                USBHostGenericWrite

.rodata         0x9d00f48c      0xa74
 .rodata        0x9d00f48c      0x5a4 Objects\C32\main.o
 .rodata        0x9d00fa30      0x4d0 Objects\C32\tjpgd.o

.text.malloc    0x9d00ff00      0x288
 .text.malloc   0x9d00ff00      0x288 c:/program files (x86)/microchip/xc32/v1.10/bin/../lib/gcc/pic32mx/4.5.1/../../../../pic32mx/lib\libc.a(malloc.o)
                0x9d00ff00                malloc

.text._sbrk_init
                0x9d010188      0x194
 .text._sbrk_init
                0x9d010188      0x194 c:/program files (x86)/microchip/xc32/v1.10/bin/../lib/gcc/pic32mx/4.5.1/../../../../pic32mx/lib\libpic32.a(sbrk.o)
                0x9d010188                _sbrk_init

.text.realloc   0x9d01031c      0x17c
 .text.realloc  0x9d01031c      0x17c c:/program files (x86)/microchip/xc32/v1.10/bin/../lib/gcc/pic32mx/4.5.1/../../../../pic32mx/lib\libc.a(malloc.o)
                0x9d01031c                realloc

.text           0x9d010498       0xf0
 .text          0x9d010498       0xf0 Objects\C32\Delay.o
                0x9d010498                DelayMs
                0x9d01052c                Delay10us

.text.general_exception
                0x9d010588       0xd0
 .text.general_exception
                0x9d010588       0xd0 c:/program files (x86)/microchip/xc32/v1.10/bin/../lib/gcc/pic32mx/4.5.1/../../../../pic32mx/lib\libpic32.a(general-exception.o)
                0x9d010588                _general_exception_context

.dinit          0x9d010658       0xc8
 .dinit         0x9d010658       0xc8 data_init

.text._sbrk     0x9d010720       0xc4
 .text._sbrk    0x9d010720       0xc4 c:/program files (x86)/microchip/xc32/v1.10/bin/../lib/gcc/pic32mx/4.5.1/../../../../pic32mx/lib\libpic32.a(sbrk.o)
                0x9d010720                _sbrk

.text           0x9d0107e4       0xa8
 .text          0x9d0107e4       0xa8 c:/program files (x86)/microchip/xc32/v1.10/bin/../lib/gcc/pic32mx/4.5.1/../../../../pic32mx/lib\libpic32.a(memset.o)
                0x9d0107e4                memset

.rodata         0x9d01088c       0x70
 .rodata        0x9d01088c       0x70 Objects\C32\usb_host.o

.text.sbrk      0x9d0108fc       0x50
 .text.sbrk     0x9d0108fc       0x50 c:/program files (x86)/microchip/xc32/v1.10/bin/../lib/gcc/pic32mx/4.5.1/../../../../pic32mx/lib\libpic32.a(sbrk.o)
                0x9d0108fc                sbrk

.text           0x9d01094c       0x38
 .text          0x9d01094c       0x38 c:/program files (x86)/microchip/xc32/v1.10/bin/../lib/gcc/pic32mx/4.5.1/../../../../pic32mx/lib/crt0.o
                0x9d010978                __crt0_exit

.text.INTEnableSystemMultiVectoredInt
                0x9d010984       0x34
 .text.INTEnableSystemMultiVectoredInt
                0x9d010984       0x34 c:/program files (x86)/microchip/xc32/v1.10/bin/../lib/gcc/pic32mx/4.5.1/../../../../pic32mx/lib\libmchp_peripheral_32MX795F512H.a(int_enable_mv_int_lib.o)
                0x9d010984                INTEnableSystemMultiVectoredInt

.text.memcpy    0x9d0109b8       0x2c
 .text.memcpy   0x9d0109b8       0x2c c:/program files (x86)/microchip/xc32/v1.10/bin/../lib/gcc/pic32mx/4.5.1/../../../../pic32mx/lib\libc.a(memcpy.o)
                0x9d0109b8                memcpy

.text._stub_sbd_memlayout
                0x9d0109e4       0x2c
 .text._stub_sbd_memlayout
                0x9d0109e4       0x2c c:/program files (x86)/microchip/xc32/v1.10/bin/../lib/gcc/pic32mx/4.5.1/../../../../pic32mx/lib\libpic32.a(sbrk.o)
                0x9d0109e4                _stub_sbd_memlayout
                0x9d0109e4                _sbd_memlayout

.text.free      0x9d010a10       0x24
 .text.free     0x9d010a10       0x24 c:/program files (x86)/microchip/xc32/v1.10/bin/../lib/gcc/pic32mx/4.5.1/../../../../pic32mx/lib\libc.a(malloc.o)
                0x9d010a10                free

.text.INTRestoreInterrupts
                0x9d010a34       0x1c
 .text.INTRestoreInterrupts
                0x9d010a34       0x1c c:/program files (x86)/microchip/xc32/v1.10/bin/../lib/gcc/pic32mx/4.5.1/../../../../pic32mx/lib\libmchp_peripheral_32MX795F512H.a(int_restore_interrupts_lib.o)
                0x9d010a34                INTRestoreInterrupts

.text.CheKseg0CacheOff
                0x9d010a50       0x18
 .text.CheKseg0CacheOff
                0x9d010a50       0x18 c:/program files (x86)/microchip/xc32/v1.10/bin/../lib/gcc/pic32mx/4.5.1/../../../../pic32mx/lib\libmchp_peripheral_32MX795F512H.a(pcache.o)
                0x9d010a50                CheKseg0CacheOff

.text.CheKseg0CacheOn
                0x9d010a68       0x18
 .text.CheKseg0CacheOn
                0x9d010a68       0x18 c:/program files (x86)/microchip/xc32/v1.10/bin/../lib/gcc/pic32mx/4.5.1/../../../../pic32mx/lib\libmchp_peripheral_32MX795F512H.a(pcache.o)
                0x9d010a68                CheKseg0CacheOn

.text           0x9d010a80       0x18
 .text          0x9d010a80       0x18 c:/program files (x86)/microchip/xc32/v1.10/bin/../lib/gcc/pic32mx/4.5.1/../../../../pic32mx/lib\libpic32.a(default-nmi-handler.o)
                0x9d010a80                _nmi_handler

.rodata         0x9d010a98       0x10
 .rodata        0x9d010a98       0x10 Objects\C32\uart2.o
                0x9d010a98                CharacterArray

.text._bootstrap_exception_handler
                0x9d010aa8        0xc
 .text._bootstrap_exception_handler
                0x9d010aa8        0xc c:/program files (x86)/microchip/xc32/v1.10/bin/../lib/gcc/pic32mx/4.5.1/../../../../pic32mx/lib\libpic32.a(default-bootstrap-exception-handler.o)
                0x9d010aa8                _bootstrap_exception_handler

.text._general_exception_handler
                0x9d010ab4        0xc
 .text._general_exception_handler
                0x9d010ab4        0xc c:/program files (x86)/microchip/xc32/v1.10/bin/../lib/gcc/pic32mx/4.5.1/../../../../pic32mx/lib\libpic32.a(default-general-exception-handler.o)
                0x9d010ab4                _general_exception_handler

.text.INTDisableInterrupts
                0x9d010ac0        0x8
 .text.INTDisableInterrupts
                0x9d010ac0        0x8 c:/program files (x86)/microchip/xc32/v1.10/bin/../lib/gcc/pic32mx/4.5.1/../../../../pic32mx/lib\libmchp_peripheral_32MX795F512H.a(int_disable_interrupts_lib.o)
                0x9d010ac0                INTDisableInterrupts

.text.INTEnableInterrupts
                0x9d010ac8        0x8
 .text.INTEnableInterrupts
                0x9d010ac8        0x8 c:/program files (x86)/microchip/xc32/v1.10/bin/../lib/gcc/pic32mx/4.5.1/../../../../pic32mx/lib\libmchp_peripheral_32MX795F512H.a(int_enable_interrupts_lib.o)
                0x9d010ac8                INTEnableInterrupts

.text._on_reset
                0x9d010ad0        0x8
 .text._on_reset
                0x9d010ad0        0x8 c:/program files (x86)/microchip/xc32/v1.10/bin/../lib/gcc/pic32mx/4.5.1/../../../../pic32mx/lib\libpic32.a(default-on-reset.o)
                0x9d010ad0                _on_reset

.text._on_bootstrap
                0x9d010ad8        0x8
 .text._on_bootstrap
                0x9d010ad8        0x8 c:/program files (x86)/microchip/xc32/v1.10/bin/../lib/gcc/pic32mx/4.5.1/../../../../pic32mx/lib\libpic32.a(default-on-bootstrap.o)
                0x9d010ad8                _on_bootstrap

.text.getpagesize
                0x9d010ae0        0x8
 .text.getpagesize
                0x9d010ae0        0x8 c:/program files (x86)/microchip/xc32/v1.10/bin/../lib/gcc/pic32mx/4.5.1/../../../../pic32mx/lib\libpic32.a(sbrk.o)
                0x9d010ae0                getpagesize

.text%z51       0x00000000        0x0
 .text          0x00000000        0x0 c:/program files (x86)/microchip/xc32/v1.10/bin/../lib/gcc/pic32mx/4.5.1/../../../../pic32mx/lib\libpic32.a(errno.o)

.text%z52       0x00000000        0x0
 .text          0x00000000        0x0 c:/program files (x86)/microchip/xc32/v1.10/bin/../lib/gcc/pic32mx/4.5.1/../../../../pic32mx/lib\libpic32.a(sbrk.o)

.text%z53       0x00000000        0x0
 .text          0x00000000        0x0 c:/program files (x86)/microchip/xc32/v1.10/bin/../lib/gcc/pic32mx/4.5.1/../../../../pic32mx/lib\libc.a(memcpy.o)

.text%z54       0x00000000        0x0
 .text          0x00000000        0x0 c:/program files (x86)/microchip/xc32/v1.10/bin/../lib/gcc/pic32mx/4.5.1/../../../../pic32mx/lib\libc.a(malloc.o)

.text%z55       0x00000000        0x0
 .text          0x00000000        0x0 c:/program files (x86)/microchip/xc32/v1.10/bin/../lib/gcc/pic32mx/4.5.1/../../../../pic32mx/lib\libpic32.a(default-general-exception-handler.o)

.text%z56       0x00000000        0x0
 .text          0x00000000        0x0 c:/program files (x86)/microchip/xc32/v1.10/bin/../lib/gcc/pic32mx/4.5.1/../../../../pic32mx/lib\libpic32.a(general-exception.o)

.text%z57       0x00000000        0x0
 .text          0x00000000        0x0 c:/program files (x86)/microchip/xc32/v1.10/bin/../lib/gcc/pic32mx/4.5.1/../../../../pic32mx/lib\libpic32.a(default-on-bootstrap.o)

.text%z58       0x00000000        0x0
 .text          0x00000000        0x0 c:/program files (x86)/microchip/xc32/v1.10/bin/../lib/gcc/pic32mx/4.5.1/../../../../pic32mx/lib\libpic32.a(default-on-reset.o)

.text%z59       0x00000000        0x0
 .text          0x00000000        0x0 c:/program files (x86)/microchip/xc32/v1.10/bin/../lib/gcc/pic32mx/4.5.1/../../../../pic32mx/lib\libpic32.a(default-bootstrap-exception-handler.o)

.text%z60       0x00000000        0x0
 .text          0x00000000        0x0 c:/program files (x86)/microchip/xc32/v1.10/bin/../lib/gcc/pic32mx/4.5.1/../../../../pic32mx/lib\libmchp_peripheral_32MX795F512H.a(int_enable_interrupts_lib.o)

.text%z61       0x00000000        0x0
 .text          0x00000000        0x0 c:/program files (x86)/microchip/xc32/v1.10/bin/../lib/gcc/pic32mx/4.5.1/../../../../pic32mx/lib\libmchp_peripheral_32MX795F512H.a(int_enable_mv_int_lib.o)

.text%z62       0x00000000        0x0
 .text          0x00000000        0x0 c:/program files (x86)/microchip/xc32/v1.10/bin/../lib/gcc/pic32mx/4.5.1/../../../../pic32mx/lib\libmchp_peripheral_32MX795F512H.a(int_restore_interrupts_lib.o)

.text%z63       0x00000000        0x0
 .text          0x00000000        0x0 c:/program files (x86)/microchip/xc32/v1.10/bin/../lib/gcc/pic32mx/4.5.1/../../../../pic32mx/lib\libmchp_peripheral_32MX795F512H.a(int_disable_interrupts_lib.o)

.text%z64       0x00000000        0x0
 .text          0x00000000        0x0 c:/program files (x86)/microchip/xc32/v1.10/bin/../lib/gcc/pic32mx/4.5.1/../../../../pic32mx/lib\libmchp_peripheral_32MX795F512H.a(pcache.o)

.text%z65       0x00000000        0x0
 .text          0x00000000        0x0 c:/program files (x86)/microchip/xc32/v1.10/bin/../lib/gcc/pic32mx/4.5.1/../../../../pic32mx/lib/./proc/32MX795F512H\processor.o

.text%z66       0x00000000        0x0
 .text          0x00000000        0x0 Objects\C32\usb_config.o
